gthr-default.h:229:1:int __gthread_key_delete(__gthread_key_t)	16	static
Assertion.hpp:4:14:void kernel::stop()	4	static,ignoring_inline_asm
Task.hpp:131:13:constexpr kernel::Task::Task(uint32_t*, uint32_t, kernel::Task::TaskFunc, uint32_t, uint32_t, bool, const char*)	24	static
clocks.hpp:84:17:static core::drivers::Clocks& core::drivers::Clocks::get()	4	static
Task.hpp:271:14:constexpr kernel::TaskWithStack<StackSize>::TaskWithStack(kernel::Task::TaskFunc, uint32_t, uint32_t, bool, const char*) [with long unsigned int StackSize = 128]	40	static
Hooks.hpp:41:15:static void kernel::Hooks::onTaskClose(kernel::Task*)	16	static
Task.cpp:39:8:virtual bool kernel::Task::start()	16	static
Task.cpp:46:8:virtual bool kernel::Task::stop()	16	static
Task.cpp:52:8:static void kernel::Task::taskFinished()	4	static
Task.cpp:57:8:bool kernel::Task::isStackCorrupted()	16	static
DualLinkedList.hpp:81:14:constexpr framework::DualLinkNode<UnderLyingType, List>::DualLinkNode() [with UnderLyingType = kernel::Task; List = kernel::StartedList]	16	static
DualLinkedList.hpp:81:14:constexpr framework::DualLinkNode<UnderLyingType, List>::DualLinkNode() [with UnderLyingType = kernel::Task; List = kernel::ReadyList]	16	static
DualLinkedList.hpp:81:14:constexpr framework::DualLinkNode<UnderLyingType, List>::DualLinkNode() [with UnderLyingType = kernel::Task; List = kernel::SleepingList]	16	static
DualLinkedList.hpp:81:14:constexpr framework::DualLinkNode<UnderLyingType, List>::DualLinkNode() [with UnderLyingType = kernel::Task; List = kernel::WaitableList]	16	static
DualLinkedList.hpp:81:14:constexpr framework::DualLinkNode<UnderLyingType, List>::DualLinkNode() [with UnderLyingType = kernel::Task; List = kernel::EventList]	16	static
Core.hpp:101:40:static Return core::Core::supervisorCall(Param0) [with kernel::ServiceCall::SvcNumber Number = kernel::ServiceCall::SvcNumber::startTask; Return = bool; Param0 = kernel::Task*]	0	static,ignoring_inline_asm
Task.cpp:77:1:void __static_initialization_and_destruction_0(int, int)	24	static
Task.cpp:77:1:cpp)	8	static
