gthr-default.h:229:1:int __gthread_key_delete(__gthread_key_t)	16	static
Assertion.hpp:4:14:void kernel::stop()	4	static,ignoring_inline_asm
Task.hpp:131:13:constexpr kernel::Task::Task(uint32_t*, uint32_t, kernel::Task::TaskFunc, uint32_t, uint32_t, bool, const char*)	24	static
clocks.hpp:84:17:static core::drivers::Clocks& core::drivers::Clocks::get()	4	static
Task.hpp:271:14:constexpr kernel::TaskWithStack<StackSize>::TaskWithStack(kernel::Task::TaskFunc, uint32_t, uint32_t, bool, const char*) [with long unsigned int StackSize = 128]	40	static
Api.hpp:47:22:static void kernel::Api::setupKernel(uint8_t)	16	static
Api.hpp:53:22:static bool kernel::Api::startKernel()	8	static
main.cpp:5:31:<lambda(uint32_t)>	16	static
main.cpp:5:31:static void<lambda(uint32_t)>::_FUN(uint32_t)	16	static
main.cpp:5:31:constexpr<lambda(uint32_t)>::operator void (*)(uint32_t)() const	16	static
main.cpp:17:5:int main()	8	static
DualLinkedList.hpp:81:14:constexpr framework::DualLinkNode<UnderLyingType, List>::DualLinkNode() [with UnderLyingType = kernel::Task; List = kernel::StartedList]	16	static
DualLinkedList.hpp:81:14:constexpr framework::DualLinkNode<UnderLyingType, List>::DualLinkNode() [with UnderLyingType = kernel::Task; List = kernel::ReadyList]	16	static
DualLinkedList.hpp:81:14:constexpr framework::DualLinkNode<UnderLyingType, List>::DualLinkNode() [with UnderLyingType = kernel::Task; List = kernel::SleepingList]	16	static
DualLinkedList.hpp:81:14:constexpr framework::DualLinkNode<UnderLyingType, List>::DualLinkNode() [with UnderLyingType = kernel::Task; List = kernel::WaitableList]	16	static
DualLinkedList.hpp:81:14:constexpr framework::DualLinkNode<UnderLyingType, List>::DualLinkNode() [with UnderLyingType = kernel::Task; List = kernel::EventList]	16	static
Core.hpp:101:40:static Return core::Core::supervisorCall(Param0) [with kernel::ServiceCall::SvcNumber Number = kernel::ServiceCall::SvcNumber::sleepTask; Return = void; Param0 = long unsigned int]	0	static,ignoring_inline_asm
main.cpp:22:1:void __static_initialization_and_destruction_0(int, int)	32	static
main.cpp:22:1:cpp)	8	static
