Archive member included to satisfy reference by file (symbol)

c:/st/stm32cubeide_1.8.0/stm32cubeide/plugins/com.st.stm32cube.ide.mcu.externaltools.gnu-tools-for-stm32.9-2020-q2-update.win32_2.0.0.202105311346/tools/bin/../lib/gcc/arm-none-eabi/9.3.1/../../../../arm-none-eabi/lib/thumb/v7e-m/nofp\libstdc++_nano.a(pure.o)
                              ./src/core/Core.o (__cxa_pure_virtual)
c:/st/stm32cubeide_1.8.0/stm32cubeide/plugins/com.st.stm32cube.ide.mcu.externaltools.gnu-tools-for-stm32.9-2020-q2-update.win32_2.0.0.202105311346/tools/bin/../lib/gcc/arm-none-eabi/9.3.1/../../../../arm-none-eabi/lib/thumb/v7e-m/nofp\libstdc++_nano.a(eh_terminate.o)
                              c:/st/stm32cubeide_1.8.0/stm32cubeide/plugins/com.st.stm32cube.ide.mcu.externaltools.gnu-tools-for-stm32.9-2020-q2-update.win32_2.0.0.202105311346/tools/bin/../lib/gcc/arm-none-eabi/9.3.1/../../../../arm-none-eabi/lib/thumb/v7e-m/nofp\libstdc++_nano.a(pure.o) (std::terminate())
c:/st/stm32cubeide_1.8.0/stm32cubeide/plugins/com.st.stm32cube.ide.mcu.externaltools.gnu-tools-for-stm32.9-2020-q2-update.win32_2.0.0.202105311346/tools/bin/../lib/gcc/arm-none-eabi/9.3.1/../../../../arm-none-eabi/lib/thumb/v7e-m/nofp\libstdc++_nano.a(eh_unex_handler.o)
                              c:/st/stm32cubeide_1.8.0/stm32cubeide/plugins/com.st.stm32cube.ide.mcu.externaltools.gnu-tools-for-stm32.9-2020-q2-update.win32_2.0.0.202105311346/tools/bin/../lib/gcc/arm-none-eabi/9.3.1/../../../../arm-none-eabi/lib/thumb/v7e-m/nofp\libstdc++_nano.a(eh_terminate.o) (__cxxabiv1::__unexpected_handler)
c:/st/stm32cubeide_1.8.0/stm32cubeide/plugins/com.st.stm32cube.ide.mcu.externaltools.gnu-tools-for-stm32.9-2020-q2-update.win32_2.0.0.202105311346/tools/bin/../lib/gcc/arm-none-eabi/9.3.1/../../../../arm-none-eabi/lib/thumb/v7e-m/nofp\libstdc++_nano.a(eh_term_handler.o)
                              c:/st/stm32cubeide_1.8.0/stm32cubeide/plugins/com.st.stm32cube.ide.mcu.externaltools.gnu-tools-for-stm32.9-2020-q2-update.win32_2.0.0.202105311346/tools/bin/../lib/gcc/arm-none-eabi/9.3.1/../../../../arm-none-eabi/lib/thumb/v7e-m/nofp\libstdc++_nano.a(eh_terminate.o) (__cxxabiv1::__terminate_handler)
c:/st/stm32cubeide_1.8.0/stm32cubeide/plugins/com.st.stm32cube.ide.mcu.externaltools.gnu-tools-for-stm32.9-2020-q2-update.win32_2.0.0.202105311346/tools/bin/../lib/gcc/arm-none-eabi/9.3.1/../../../../arm-none-eabi/lib/thumb/v7e-m/nofp\libc_nano.a(lib_a-abort.o)
                              c:/st/stm32cubeide_1.8.0/stm32cubeide/plugins/com.st.stm32cube.ide.mcu.externaltools.gnu-tools-for-stm32.9-2020-q2-update.win32_2.0.0.202105311346/tools/bin/../lib/gcc/arm-none-eabi/9.3.1/../../../../arm-none-eabi/lib/thumb/v7e-m/nofp\libstdc++_nano.a(eh_terminate.o) (abort)
c:/st/stm32cubeide_1.8.0/stm32cubeide/plugins/com.st.stm32cube.ide.mcu.externaltools.gnu-tools-for-stm32.9-2020-q2-update.win32_2.0.0.202105311346/tools/bin/../lib/gcc/arm-none-eabi/9.3.1/../../../../arm-none-eabi/lib/thumb/v7e-m/nofp\libc_nano.a(lib_a-exit.o)
                              c:/st/stm32cubeide_1.8.0/stm32cubeide/plugins/com.st.stm32cube.ide.mcu.externaltools.gnu-tools-for-stm32.9-2020-q2-update.win32_2.0.0.202105311346/tools/bin/../lib/gcc/arm-none-eabi/9.3.1/../../../../arm-none-eabi/lib/thumb/v7e-m/nofp/crt0.o (exit)
c:/st/stm32cubeide_1.8.0/stm32cubeide/plugins/com.st.stm32cube.ide.mcu.externaltools.gnu-tools-for-stm32.9-2020-q2-update.win32_2.0.0.202105311346/tools/bin/../lib/gcc/arm-none-eabi/9.3.1/../../../../arm-none-eabi/lib/thumb/v7e-m/nofp\libc_nano.a(lib_a-impure.o)
                              c:/st/stm32cubeide_1.8.0/stm32cubeide/plugins/com.st.stm32cube.ide.mcu.externaltools.gnu-tools-for-stm32.9-2020-q2-update.win32_2.0.0.202105311346/tools/bin/../lib/gcc/arm-none-eabi/9.3.1/../../../../arm-none-eabi/lib/thumb/v7e-m/nofp\libc_nano.a(lib_a-exit.o) (_global_impure_ptr)
c:/st/stm32cubeide_1.8.0/stm32cubeide/plugins/com.st.stm32cube.ide.mcu.externaltools.gnu-tools-for-stm32.9-2020-q2-update.win32_2.0.0.202105311346/tools/bin/../lib/gcc/arm-none-eabi/9.3.1/../../../../arm-none-eabi/lib/thumb/v7e-m/nofp\libc_nano.a(lib_a-init.o)
                              c:/st/stm32cubeide_1.8.0/stm32cubeide/plugins/com.st.stm32cube.ide.mcu.externaltools.gnu-tools-for-stm32.9-2020-q2-update.win32_2.0.0.202105311346/tools/bin/../lib/gcc/arm-none-eabi/9.3.1/../../../../arm-none-eabi/lib/thumb/v7e-m/nofp/crt0.o (__libc_init_array)
c:/st/stm32cubeide_1.8.0/stm32cubeide/plugins/com.st.stm32cube.ide.mcu.externaltools.gnu-tools-for-stm32.9-2020-q2-update.win32_2.0.0.202105311346/tools/bin/../lib/gcc/arm-none-eabi/9.3.1/../../../../arm-none-eabi/lib/thumb/v7e-m/nofp\libc_nano.a(lib_a-memset.o)
                              c:/st/stm32cubeide_1.8.0/stm32cubeide/plugins/com.st.stm32cube.ide.mcu.externaltools.gnu-tools-for-stm32.9-2020-q2-update.win32_2.0.0.202105311346/tools/bin/../lib/gcc/arm-none-eabi/9.3.1/../../../../arm-none-eabi/lib/thumb/v7e-m/nofp/crt0.o (memset)
[...]
Memory Configuration

Name             Origin             Length             Attributes
RAM              0x0000000020000000 0x0000000000008000 xrw
FLASH            0x0000000008000000 0x0000000000020000 xr
*default*        0x0000000000000000 0xffffffffffffffff

Linker script and memory map

LOAD c:/st/stm32cubeide_1.8.0/stm32cubeide/plugins/com.st.stm32cube.ide.mcu.externaltools.gnu-tools-for-stm32.9-2020-q2-update.win32_2.0.0.202105311346/tools/bin/../lib/gcc/arm-none-eabi/9.3.1/thumb/v7e-m/nofp/crti.o
LOAD c:/st/stm32cubeide_1.8.0/stm32cubeide/plugins/com.st.stm32cube.ide.mcu.externaltools.gnu-tools-for-stm32.9-2020-q2-update.win32_2.0.0.202105311346/tools/bin/../lib/gcc/arm-none-eabi/9.3.1/thumb/v7e-m/nofp/crtbegin.o
LOAD c:/st/stm32cubeide_1.8.0/stm32cubeide/plugins/com.st.stm32cube.ide.mcu.externaltools.gnu-tools-for-stm32.9-2020-q2-update.win32_2.0.0.202105311346/tools/bin/../lib/gcc/arm-none-eabi/9.3.1/../../../../arm-none-eabi/lib/thumb/v7e-m/nofp/crt0.o
LOAD ./src/core/Core.o
LOAD ./src/core/drivers/Clocks.o
LOAD ./src/core/drivers/Systick.o
LOAD ./src/core/peripherals/Peripherals.o
LOAD ./src/core/vendor/startup_stm32wl55jcix.o
LOAD ./src/main.o
LOAD ./src/volund/utils/StringsTools.o
LOAD ./src/yggdrasil/kernel/Event.o
LOAD ./src/yggdrasil/kernel/Mutex.o
LOAD ./src/yggdrasil/kernel/Scheduler.o
LOAD ./src/yggdrasil/kernel/Task.o
START GROUP
LOAD c:/st/stm32cubeide_1.8.0/stm32cubeide/plugins/com.st.stm32cube.ide.mcu.externaltools.gnu-tools-for-stm32.9-2020-q2-update.win32_2.0.0.202105311346/tools/bin/../lib/gcc/arm-none-eabi/9.3.1/../../../../arm-none-eabi/lib/thumb/v7e-m/nofp\libstdc++_nano.a
LOAD c:/st/stm32cubeide_1.8.0/stm32cubeide/plugins/com.st.stm32cube.ide.mcu.externaltools.gnu-tools-for-stm32.9-2020-q2-update.win32_2.0.0.202105311346/tools/bin/../lib/gcc/arm-none-eabi/9.3.1/../../../../arm-none-eabi/lib/thumb/v7e-m/nofp\libsupc++_nano.a
END GROUP
LOAD c:/st/stm32cubeide_1.8.0/stm32cubeide/plugins/com.st.stm32cube.ide.mcu.externaltools.gnu-tools-for-stm32.9-2020-q2-update.win32_2.0.0.202105311346/tools/bin/../lib/gcc/arm-none-eabi/9.3.1/../../../../arm-none-eabi/lib/thumb/v7e-m/nofp\libstdc++_nano.a
LOAD c:/st/stm32cubeide_1.8.0/stm32cubeide/plugins/com.st.stm32cube.ide.mcu.externaltools.gnu-tools-for-stm32.9-2020-q2-update.win32_2.0.0.202105311346/tools/bin/../lib/gcc/arm-none-eabi/9.3.1/../../../../arm-none-eabi/lib/thumb/v7e-m/nofp\libm.a
LOAD c:/st/stm32cubeide_1.8.0/stm32cubeide/plugins/com.st.stm32cube.ide.mcu.externaltools.gnu-tools-for-stm32.9-2020-q2-update.win32_2.0.0.202105311346/tools/bin/../lib/gcc/arm-none-eabi/9.3.1/../../../../arm-none-eabi/lib/thumb/v7e-m/nofp\libc_nano.a
START GROUP
LOAD c:/st/stm32cubeide_1.8.0/stm32cubeide/plugins/com.st.stm32cube.ide.mcu.externaltools.gnu-tools-for-stm32.9-2020-q2-update.win32_2.0.0.202105311346/tools/bin/../lib/gcc/arm-none-eabi/9.3.1/thumb/v7e-m/nofp\libgcc.a
LOAD c:/st/stm32cubeide_1.8.0/stm32cubeide/plugins/com.st.stm32cube.ide.mcu.externaltools.gnu-tools-for-stm32.9-2020-q2-update.win32_2.0.0.202105311346/tools/bin/../lib/gcc/arm-none-eabi/9.3.1/../../../../arm-none-eabi/lib/thumb/v7e-m/nofp\libc_nano.a
END GROUP
START GROUP
LOAD c:/st/stm32cubeide_1.8.0/stm32cubeide/plugins/com.st.stm32cube.ide.mcu.externaltools.gnu-tools-for-stm32.9-2020-q2-update.win32_2.0.0.202105311346/tools/bin/../lib/gcc/arm-none-eabi/9.3.1/thumb/v7e-m/nofp\libgcc.a
LOAD c:/st/stm32cubeide_1.8.0/stm32cubeide/plugins/com.st.stm32cube.ide.mcu.externaltools.gnu-tools-for-stm32.9-2020-q2-update.win32_2.0.0.202105311346/tools/bin/../lib/gcc/arm-none-eabi/9.3.1/../../../../arm-none-eabi/lib/thumb/v7e-m/nofp\libc_nano.a
LOAD c:/st/stm32cubeide_1.8.0/stm32cubeide/plugins/com.st.stm32cube.ide.mcu.externaltools.gnu-tools-for-stm32.9-2020-q2-update.win32_2.0.0.202105311346/tools/bin/../lib/gcc/arm-none-eabi/9.3.1/../../../../arm-none-eabi/lib/thumb/v7e-m/nofp\libnosys.a
END GROUP
START GROUP
LOAD c:/st/stm32cubeide_1.8.0/stm32cubeide/plugins/com.st.stm32cube.ide.mcu.externaltools.gnu-tools-for-stm32.9-2020-q2-update.win32_2.0.0.202105311346/tools/bin/../lib/gcc/arm-none-eabi/9.3.1/thumb/v7e-m/nofp\libgcc.a
LOAD c:/st/stm32cubeide_1.8.0/stm32cubeide/plugins/com.st.stm32cube.ide.mcu.externaltools.gnu-tools-for-stm32.9-2020-q2-update.win32_2.0.0.202105311346/tools/bin/../lib/gcc/arm-none-eabi/9.3.1/../../../../arm-none-eabi/lib/thumb/v7e-m/nofp\libc_nano.a
LOAD c:/st/stm32cubeide_1.8.0/stm32cubeide/plugins/com.st.stm32cube.ide.mcu.externaltools.gnu-tools-for-stm32.9-2020-q2-update.win32_2.0.0.202105311346/tools/bin/../lib/gcc/arm-none-eabi/9.3.1/../../../../arm-none-eabi/lib/thumb/v7e-m/nofp\libnosys.a
END GROUP
LOAD c:/st/stm32cubeide_1.8.0/stm32cubeide/plugins/com.st.stm32cube.ide.mcu.externaltools.gnu-tools-for-stm32.9-2020-q2-update.win32_2.0.0.202105311346/tools/bin/../lib/gcc/arm-none-eabi/9.3.1/thumb/v7e-m/nofp/crtend.o
LOAD c:/st/stm32cubeide_1.8.0/stm32cubeide/plugins/com.st.stm32cube.ide.mcu.externaltools.gnu-tools-for-stm32.9-2020-q2-update.win32_2.0.0.202105311346/tools/bin/../lib/gcc/arm-none-eabi/9.3.1/thumb/v7e-m/nofp/crtn.o
                0x0000000020008000                _estack = (ORIGIN (RAM) + LENGTH (RAM))
                0x0000000000000200                _Min_Heap_Size = 0x200
                0x0000000000000400                _Min_Stack_Size = 0x400

.isr_vector     0x0000000008000000      0x138
                0x0000000008000000                . = ALIGN (0x4)
 *(.isr_vector)
 .isr_vector    0x0000000008000000      0x138 ./src/core/vendor/startup_stm32wl55jcix.o
                0x0000000008000000                g_pfnVectors
                0x0000000008000138                . = ALIGN (0x4)

.text           0x0000000008000138     0x2fe8
                0x0000000008000138                . = ALIGN (0x4)
 *(.text)
 .text          0x0000000008000138       0x40 c:/st/stm32cubeide_1.8.0/stm32cubeide/plugins/com.st.stm32cube.ide.mcu.externaltools.gnu-tools-for-stm32.9-2020-q2-update.win32_2.0.0.202105311346/tools/bin/../lib/gcc/arm-none-eabi/9.3.1/thumb/v7e-m/nofp/crtbegin.o
 *(.text*)
 .text.__NVIC_EnableIRQ
                0x0000000008000178       0x38 ./src/core/Core.o
 .text.__NVIC_DisableIRQ
                0x00000000080001b0       0x48 ./src/core/Core.o
 .text.__NVIC_ClearPendingIRQ
                0x00000000080001f8       0x3c ./src/core/Core.o
 .text.__NVIC_SetPriority
                0x0000000008000234       0x54 ./src/core/Core.o
 .text._ZN4core10interfaces3IrqC2Es
                0x0000000008000288       0x1e ./src/core/Core.o
                0x0000000008000288                core::interfaces::Irq::Irq(short)
                0x0000000008000288                core::interfaces::Irq::Irq(short)
 .text._ZN4core10interfaces3IrqcvsEv
                0x00000000080002a6       0x18 ./src/core/Core.o
                0x00000000080002a6                core::interfaces::Irq::operator short()
 *fill*         0x00000000080002be        0x2 
 .text._ZN4core10interfaces14IVectorManagerC2Ev
                0x00000000080002c0       0x20 ./src/core/Core.o
                0x00000000080002c0                core::interfaces::IVectorManager::IVectorManager()
                0x00000000080002c0                core::interfaces::IVectorManager::IVectorManager()
 .text._ZN14implementation7vectors20DynamicVectorManagerC2EhPFvvE
                0x00000000080002e0       0x68 ./src/core/Core.o
                0x00000000080002e0                implementation::vectors::DynamicVectorManager::DynamicVectorManager(unsigned char, void (*)())
                0x00000000080002e0                implementation::vectors::DynamicVectorManager::DynamicVectorManager(unsigned char, void (*)())
 .text._ZN14implementation7vectors20DynamicVectorManager15registerHandlerEN4core10interfaces3IrqEPFvvEPKc
                0x0000000008000348       0x30 ./src/core/Core.o
                0x0000000008000348                implementation::vectors::DynamicVectorManager::registerHandler(core::interfaces::Irq, void (*)(), char const*)
 .text._ZN14implementation7vectors20DynamicVectorManager17unregisterHandlerEN4core10interfaces3IrqE
                0x0000000008000378       0x2e ./src/core/Core.o
                0x0000000008000378                implementation::vectors::DynamicVectorManager::unregisterHandler(core::interfaces::Irq)
 .text._ZN14implementation7vectors20DynamicVectorManager16tableBaseAddressEv
                0x00000000080003a6       0x1c ./src/core/Core.o
                0x00000000080003a6                implementation::vectors::DynamicVectorManager::tableBaseAddress()
 .text._ZN14implementation7vectors20DynamicVectorManager6getIsrEm
                0x00000000080003c2       0x1e ./src/core/Core.o
                0x00000000080003c2                implementation::vectors::DynamicVectorManager::getIsr(unsigned long)
 .text._ZN14implementation7vectors20DynamicVectorManager11irqPriorityEN4core10interfaces3IrqEhh
                0x00000000080003e0       0x7c ./src/core/Core.o
                0x00000000080003e0                implementation::vectors::DynamicVectorManager::irqPriority(core::interfaces::Irq, unsigned char, unsigned char)
 .text._ZN14implementation7vectors20DynamicVectorManager11irqPriorityEN4core10interfaces3IrqEh
                0x000000000800045c       0x3c ./src/core/Core.o
                0x000000000800045c                implementation::vectors::DynamicVectorManager::irqPriority(core::interfaces::Irq, unsigned char)
 .text._ZN14implementation7vectors20DynamicVectorManager15subPriorityBitsEh
                0x0000000008000498       0x58 ./src/core/Core.o
                0x0000000008000498                implementation::vectors::DynamicVectorManager::subPriorityBits(unsigned char)
 .text._ZN14implementation7vectors20DynamicVectorManager15subPriorityBitsEv
                0x00000000080004f0       0x1c ./src/core/Core.o
                0x00000000080004f0                implementation::vectors::DynamicVectorManager::subPriorityBits()
 .text._ZN14implementation7vectors20DynamicVectorManager9enableIrqEN4core10interfaces3IrqE
                0x000000000800050c       0x24 ./src/core/Core.o
                0x000000000800050c                implementation::vectors::DynamicVectorManager::enableIrq(core::interfaces::Irq)
 .text._ZN14implementation7vectors20DynamicVectorManager10disableIrqEN4core10interfaces3IrqE
                0x0000000008000530       0x24 ./src/core/Core.o
                0x0000000008000530                implementation::vectors::DynamicVectorManager::disableIrq(core::interfaces::Irq)
 .text._ZN14implementation7vectors20DynamicVectorManager8clearIrqEN4core10interfaces3IrqE
                0x0000000008000554       0x24 ./src/core/Core.o
                0x0000000008000554                implementation::vectors::DynamicVectorManager::clearIrq(core::interfaces::Irq)
 .text._ZN14implementation7vectors20DynamicVectorManager24lockInterruptsHigherThanEh
                0x0000000008000578       0x54 ./src/core/Core.o
                0x0000000008000578                implementation::vectors::DynamicVectorManager::lockInterruptsHigherThan(unsigned char)
 .text._ZN14implementation7vectors20DynamicVectorManager26unlockInterruptsHigherThanEh
                0x00000000080005cc       0x58 ./src/core/Core.o
                0x00000000080005cc                implementation::vectors::DynamicVectorManager::unlockInterruptsHigherThan(unsigned char)
 .text._ZN14implementation7vectors20DynamicVectorManager17lockAllInterruptsEv
                0x0000000008000624       0x18 ./src/core/Core.o
                0x0000000008000624                implementation::vectors::DynamicVectorManager::lockAllInterrupts()
 .text._ZN14implementation7vectors20DynamicVectorManager19enableAllInterruptsEv
                0x000000000800063c       0x1e ./src/core/Core.o
                0x000000000800063c                implementation::vectors::DynamicVectorManager::enableAllInterrupts()
 *fill*         0x000000000800065a        0x2 
 .text._ZN14implementation7vectors20DynamicVectorManager11isInstalledEv
                0x000000000800065c       0x2c ./src/core/Core.o
                0x000000000800065c                implementation::vectors::DynamicVectorManager::isInstalled()
 .text._ZN14implementation7vectors20DynamicVectorManager20installVectorManagerEv
                0x0000000008000688       0x24 ./src/core/Core.o
                0x0000000008000688                implementation::vectors::DynamicVectorManager::installVectorManager()
 .text._ZN14implementation7vectors20DynamicVectorManager17defaultIsrHandlerEv
                0x00000000080006ac       0x24 ./src/core/Core.o
                0x00000000080006ac                implementation::vectors::DynamicVectorManager::defaultIsrHandler()
 .text._ZN4core7drivers7Systick16startSystemTimerEv
                0x00000000080006d0       0x24 ./src/core/Core.o
                0x00000000080006d0                core::drivers::Systick::startSystemTimer()
 .text._ZN4core7drivers7Systick15stopSystemTimerEv
                0x00000000080006f4       0x24 ./src/core/Core.o
                0x00000000080006f4                core::drivers::Systick::stopSystemTimer()
 .text._ZN4core7drivers6Clocks4initEv
                0x0000000008000718      0x190 ./src/core/Core.o
                0x0000000008000718                core::drivers::Clocks::init()
 .text._ZN4core7drivers6Clocks3getEv
                0x00000000080008a8       0x14 ./src/core/Core.o
                0x00000000080008a8                core::drivers::Clocks::get()
 .text._ZN6kernel4TaskC2EPmmPFvmEmmbPKc
                0x00000000080008bc      0x1d0 ./src/core/Core.o
                0x00000000080008bc                kernel::Task::Task(unsigned long*, unsigned long, void (*)(unsigned long), unsigned long, unsigned long, bool, char const*)
                0x00000000080008bc                kernel::Task::Task(unsigned long*, unsigned long, void (*)(unsigned long), unsigned long, unsigned long, bool, char const*)
 .text._ZN6kernel13TaskWithStackILm128EEC1EPFvmEmmbPKc
                0x0000000008000a8c       0x44 ./src/core/Core.o
                0x0000000008000a8c                kernel::TaskWithStack<128ul>::TaskWithStack(void (*)(unsigned long), unsigned long, unsigned long, bool, char const*)
 .text._ZN4core4Core8initCoreEv
                0x0000000008000ad0       0x94 ./src/core/Core.o
                0x0000000008000ad0                core::Core::initCore()
 .text._ZN4core4Core11restoreTaskEPVm
                0x0000000008000b64       0x2a ./src/core/Core.o
                0x0000000008000b64                core::Core::restoreTask(unsigned long volatile*)
 .text._ZN4core4Core8idleFuncEm
                0x0000000008000b8e        0xc ./src/core/Core.o
                0x0000000008000b8e                core::Core::idleFunc(unsigned long)
 *fill*         0x0000000008000b9a        0x2 
 .text._ZN4core4Core20contextSwitchTriggerEv
                0x0000000008000b9c       0x1c ./src/core/Core.o
                0x0000000008000b9c                core::Core::contextSwitchTrigger()
 .text._ZN4core4Core20contextSwitchHandlerEv
                0x0000000008000bb8       0x34 ./src/core/Core.o
                0x0000000008000bb8                core::Core::contextSwitchHandler()
 .text._ZN4core4Core18systemTimerHandlerEv
                0x0000000008000bec        0xc ./src/core/Core.o
                0x0000000008000bec                core::Core::systemTimerHandler()
 .text._ZN4core4Core21supervisorCallHandlerEv
                0x0000000008000bf8       0x22 ./src/core/Core.o
                0x0000000008000bf8                core::Core::supervisorCallHandler()
 .text._ZN4core4Core9hardFaultEv
                0x0000000008000c1a       0x2a ./src/core/Core.o
                0x0000000008000c1a                core::Core::hardFault()
 .text._ZN4core4Core3nmiEv
                0x0000000008000c44        0xe ./src/core/Core.o
                0x0000000008000c44                core::Core::nmi()
 .text._ZN4core4Core10usageFaultEv
                0x0000000008000c52        0xe ./src/core/Core.o
                0x0000000008000c52                core::Core::usageFault()
 .text._ZN4core4Core8busFaultEv
                0x0000000008000c60        0xe ./src/core/Core.o
                0x0000000008000c60                core::Core::busFault()
 *fill*         0x0000000008000c6e        0x2 
 .text._ZN4core4Core17HardFaultAnalyzerEPm
                0x0000000008000c70      0x208 ./src/core/Core.o
                0x0000000008000c70                core::Core::HardFaultAnalyzer(unsigned long*)
 .text._ZN9framework12DualLinkNodeIN6kernel4TaskENS1_11StartedListEEC2Ev
                0x0000000008000e78       0x20 ./src/core/Core.o
                0x0000000008000e78                framework::DualLinkNode<kernel::Task, kernel::StartedList>::DualLinkNode()
                0x0000000008000e78                framework::DualLinkNode<kernel::Task, kernel::StartedList>::DualLinkNode()
 .text._ZN9framework12DualLinkNodeIN6kernel4TaskENS1_9ReadyListEEC2Ev
                0x0000000008000e98       0x20 ./src/core/Core.o
                0x0000000008000e98                framework::DualLinkNode<kernel::Task, kernel::ReadyList>::DualLinkNode()
                0x0000000008000e98                framework::DualLinkNode<kernel::Task, kernel::ReadyList>::DualLinkNode()
 .text._ZN9framework12DualLinkNodeIN6kernel4TaskENS1_12SleepingListEEC2Ev
                0x0000000008000eb8       0x20 ./src/core/Core.o
                0x0000000008000eb8                framework::DualLinkNode<kernel::Task, kernel::SleepingList>::DualLinkNode()
                0x0000000008000eb8                framework::DualLinkNode<kernel::Task, kernel::SleepingList>::DualLinkNode()
 .text._ZN9framework12DualLinkNodeIN6kernel4TaskENS1_12WaitableListEEC2Ev
                0x0000000008000ed8       0x20 ./src/core/Core.o
                0x0000000008000ed8                framework::DualLinkNode<kernel::Task, kernel::WaitableList>::DualLinkNode()
                0x0000000008000ed8                framework::DualLinkNode<kernel::Task, kernel::WaitableList>::DualLinkNode()
 .text._ZN9framework12DualLinkNodeIN6kernel4TaskENS1_9EventListEEC2Ev
                0x0000000008000ef8       0x20 ./src/core/Core.o
                0x0000000008000ef8                framework::DualLinkNode<kernel::Task, kernel::EventList>::DualLinkNode()
                0x0000000008000ef8                framework::DualLinkNode<kernel::Task, kernel::EventList>::DualLinkNode()
 .text._Z41__static_initialization_and_destruction_0ii
                0x0000000008000f18       0xa4 ./src/core/Core.o
 .text._GLOBAL__sub_I__ZN4core4Core13vectorManagerE
                0x0000000008000fbc       0x10 ./src/core/Core.o
 .text._ZN4core7drivers6Clocks22getSystemCoreFrequencyEv
                0x0000000008000fcc       0x1c ./src/core/drivers/Clocks.o
                0x0000000008000fcc                core::drivers::Clocks::getSystemCoreFrequency()
 .text._ZN4core7drivers6Clocks17getClockFrequencyEm
                0x0000000008000fe8       0x20 ./src/core/drivers/Clocks.o
                0x0000000008000fe8                core::drivers::Clocks::getClockFrequency(unsigned long)
 .text._ZN4core7drivers7Systick15initSystemTimerEmm
                0x0000000008001008       0x4c ./src/core/drivers/Systick.o
                0x0000000008001008                core::drivers::Systick::initSystemTimer(unsigned long, unsigned long)
 .text._ZN4core7drivers7Systick6getIrqEv
                0x0000000008001054       0x20 ./src/core/drivers/Systick.o
                0x0000000008001054                core::drivers::Systick::getIrq()
 .text.Reset_Handler
                0x0000000008001074       0x50 ./src/core/vendor/startup_stm32wl55jcix.o
                0x0000000008001074                Reset_Handler
 .text.Default_Handler
                0x00000000080010c4        0x2 ./src/core/vendor/startup_stm32wl55jcix.o
                0x00000000080010c4                RTC_Alarm_IRQHandler
                0x00000000080010c4                EXTI2_IRQHandler
                0x00000000080010c4                DebugMon_Handler
                0x00000000080010c4                TIM1_CC_IRQHandler
                0x00000000080010c4                HardFault_Handler
                0x00000000080010c4                SysTick_Handler
                0x00000000080010c4                PendSV_Handler
                0x00000000080010c4                NMI_Handler
                0x00000000080010c4                EXTI3_IRQHandler
                0x00000000080010c4                LPTIM2_IRQHandler
                0x00000000080010c4                I2C3_ER_IRQHandler
                0x00000000080010c4                LPTIM3_IRQHandler
                0x00000000080010c4                EXTI0_IRQHandler
                0x00000000080010c4                I2C2_EV_IRQHandler
                0x00000000080010c4                UsageFault_Handler
                0x00000000080010c4                TAMP_STAMP_LSECSS_SSRU_IRQHandler
                0x00000000080010c4                SPI1_IRQHandler
                0x00000000080010c4                DMA2_Channel2_IRQHandler
                0x00000000080010c4                DMA1_Channel4_IRQHandler
                0x00000000080010c4                PKA_IRQHandler
                0x00000000080010c4                TIM17_IRQHandler
                0x00000000080010c4                DMA1_Channel7_IRQHandler
                0x00000000080010c4                SUBGHZSPI_IRQHandler
                0x00000000080010c4                IPCC_C1_TX_IRQHandler
                0x00000000080010c4                DMA2_Channel1_IRQHandler
                0x00000000080010c4                I2C1_EV_IRQHandler
                0x00000000080010c4                SUBGHZ_Radio_IRQHandler
                0x00000000080010c4                DMAMUX1_OVR_IRQHandler
                0x00000000080010c4                DMA1_Channel6_IRQHandler
                0x00000000080010c4                TIM16_IRQHandler
                0x00000000080010c4                DMA2_Channel4_IRQHandler
                0x00000000080010c4                RCC_IRQHandler
                0x00000000080010c4                TIM1_TRG_COM_IRQHandler
                0x00000000080010c4                DMA1_Channel1_IRQHandler
                0x00000000080010c4                Default_Handler
                0x00000000080010c4                DMA2_Channel7_IRQHandler
                0x00000000080010c4                EXTI15_10_IRQHandler
                0x00000000080010c4                IPCC_C1_RX_IRQHandler
                0x00000000080010c4                ADC_IRQHandler
                0x00000000080010c4                C2SEV_PWR_C2H_IRQHandler
                0x00000000080010c4                I2C3_EV_IRQHandler
                0x00000000080010c4                EXTI9_5_IRQHandler
                0x00000000080010c4                RTC_WKUP_IRQHandler
                0x00000000080010c4                PVD_PVM_IRQHandler
                0x00000000080010c4                SPI2_IRQHandler
                0x00000000080010c4                MemManage_Handler
                0x00000000080010c4                SVC_Handler
                0x00000000080010c4                DMA2_Channel5_IRQHandler
                0x00000000080010c4                DMA1_Channel5_IRQHandler
                0x00000000080010c4                EXTI4_IRQHandler
                0x00000000080010c4                RNG_IRQHandler
                0x00000000080010c4                DMA1_Channel3_IRQHandler
                0x00000000080010c4                COMP_IRQHandler
                0x00000000080010c4                HSEM_IRQHandler
                0x00000000080010c4                TIM1_UP_IRQHandler
                0x00000000080010c4                WWDG_IRQHandler
                0x00000000080010c4                LPUART1_IRQHandler
                0x00000000080010c4                DMA2_Channel6_IRQHandler
                0x00000000080010c4                TIM2_IRQHandler
                0x00000000080010c4                TIM1_BRK_IRQHandler
                0x00000000080010c4                DAC_IRQHandler
                0x00000000080010c4                EXTI1_IRQHandler
                0x00000000080010c4                AES_IRQHandler
                0x00000000080010c4                USART2_IRQHandler
                0x00000000080010c4                I2C2_ER_IRQHandler
                0x00000000080010c4                DMA1_Channel2_IRQHandler
                0x00000000080010c4                FLASH_IRQHandler
                0x00000000080010c4                BusFault_Handler
                0x00000000080010c4                USART1_IRQHandler
                0x00000000080010c4                I2C1_ER_IRQHandler
                0x00000000080010c4                LPTIM1_IRQHandler
                0x00000000080010c4                DMA2_Channel3_IRQHandler
 .text._ZN6kernel3Api11setupKernelEh
                0x00000000080010c6       0x1a ./src/main.o
                0x00000000080010c6                kernel::Api::setupKernel(unsigned char)
 .text._ZN6kernel3Api11startKernelEv
                0x00000000080010e0        0xe ./src/main.o
                0x00000000080010e0                kernel::Api::startKernel()
 *fill*         0x00000000080010ee        0x2 
 .text._ZNKUlmE_clEm
                0x00000000080010f0       0x5c ./src/main.o
 .text._ZNUlmE_4_FUNEm
                0x000000000800114c       0x16 ./src/main.o
 *fill*         0x0000000008001162        0x2 
 .text._ZNKUlmE_cvPFvmEEv
                0x0000000008001164       0x18 ./src/main.o
 .text.main     0x000000000800117c       0x24 ./src/main.o
                0x000000000800117c                main
 .text._ZN4core4Core14supervisorCallILN6kernel11ServiceCall9SvcNumberE10EvmEET0_T1_
                0x00000000080011a0       0x10 ./src/main.o
                0x00000000080011a0                void core::Core::supervisorCall<(kernel::ServiceCall::SvcNumber)10, void, unsigned long>(unsigned long)
 .text._Z41__static_initialization_and_destruction_0ii
                0x00000000080011b0       0xb8 ./src/main.o
 .text._GLOBAL__sub_I_led
                0x0000000008001268       0x10 ./src/main.o
 .text._ZN6kernel4Task12sleepCompareEPS0_S1_
                0x0000000008001278       0x94 ./src/yggdrasil/kernel/Event.o
                0x0000000008001278                kernel::Task::sleepCompare(kernel::Task*, kernel::Task*)
 .text._ZN6kernel4Task15priorityCompareEPS0_S1_
                0x000000000800130c       0x48 ./src/yggdrasil/kernel/Event.o
                0x000000000800130c                kernel::Task::priorityCompare(kernel::Task*, kernel::Task*)
 .text._ZN6kernel5Hooks11onTaskReadyEPNS_4TaskE
                0x0000000008001354       0x12 ./src/yggdrasil/kernel/Event.o
                0x0000000008001354                kernel::Hooks::onTaskReady(kernel::Task*)
 .text._ZN6kernel5Hooks15onTaskWaitEventEPNS_4TaskEPNS_5EventE
                0x0000000008001366       0x14 ./src/yggdrasil/kernel/Event.o
                0x0000000008001366                kernel::Hooks::onTaskWaitEvent(kernel::Task*, kernel::Event*)
 .text._ZN6kernel5Hooks14onEventTriggerEPNS_5EventE
                0x000000000800137a       0x12 ./src/yggdrasil/kernel/Event.o
                0x000000000800137a                kernel::Hooks::onEventTrigger(kernel::Event*)
 .text._ZN6kernel5Event17kernelSignalEventEPS0_
                0x000000000800138c       0x70 ./src/yggdrasil/kernel/Event.o
                0x000000000800138c                kernel::Event::kernelSignalEvent(kernel::Event*)
 .text._ZN6kernel5Event15kernelWaitEventEPS0_m
                0x00000000080013fc       0xb8 ./src/yggdrasil/kernel/Event.o
                0x00000000080013fc                kernel::Event::kernelWaitEvent(kernel::Event*, unsigned long)
 .text._ZN6kernel5Event8stopWaitEPNS_4TaskE
                0x00000000080014b4       0x38 ./src/yggdrasil/kernel/Event.o
                0x00000000080014b4                kernel::Event::stopWait(kernel::Task*)
 .text._ZN9framework14DualLinkedListIN6kernel4TaskENS1_9ReadyListEE6insertEPS2_PFaS5_S5_E
                0x00000000080014ec      0x120 ./src/yggdrasil/kernel/Event.o
                0x00000000080014ec                framework::DualLinkedList<kernel::Task, kernel::ReadyList>::insert(kernel::Task*, signed char (*)(kernel::Task*, kernel::Task*))
 .text._ZN9framework14DualLinkedListIN6kernel4TaskENS1_12WaitableListEE6insertEPS2_PFaS5_S5_E
                0x000000000800160c      0x120 ./src/yggdrasil/kernel/Event.o
                0x000000000800160c                framework::DualLinkedList<kernel::Task, kernel::WaitableList>::insert(kernel::Task*, signed char (*)(kernel::Task*, kernel::Task*))
 .text._ZN9framework14DualLinkedListIN6kernel4TaskENS1_9ReadyListEE8getFirstEv
                0x000000000800172c       0x64 ./src/yggdrasil/kernel/Event.o
                0x000000000800172c                framework::DualLinkedList<kernel::Task, kernel::ReadyList>::getFirst()
 .text._ZN9framework14DualLinkedListIN6kernel4TaskENS1_12WaitableListEE6removeEPS2_
                0x0000000008001790       0xd0 ./src/yggdrasil/kernel/Event.o
                0x0000000008001790                framework::DualLinkedList<kernel::Task, kernel::WaitableList>::remove(kernel::Task*)
 .text._ZN9framework12DualLinkNodeIN6kernel4TaskENS1_9ReadyListEE7prependEPS4_
                0x0000000008001860       0x3e ./src/yggdrasil/kernel/Event.o
                0x0000000008001860                framework::DualLinkNode<kernel::Task, kernel::ReadyList>::prepend(framework::DualLinkNode<kernel::Task, kernel::ReadyList>*)
 .text._ZN9framework12DualLinkNodeIN6kernel4TaskENS1_9ReadyListEE6appendEPS4_
                0x000000000800189e       0x3e ./src/yggdrasil/kernel/Event.o
                0x000000000800189e                framework::DualLinkNode<kernel::Task, kernel::ReadyList>::append(framework::DualLinkNode<kernel::Task, kernel::ReadyList>*)
 .text._ZN9framework12DualLinkNodeIN6kernel4TaskENS1_12WaitableListEE7prependEPS4_
                0x00000000080018dc       0x3e ./src/yggdrasil/kernel/Event.o
                0x00000000080018dc                framework::DualLinkNode<kernel::Task, kernel::WaitableList>::prepend(framework::DualLinkNode<kernel::Task, kernel::WaitableList>*)
 .text._ZN9framework12DualLinkNodeIN6kernel4TaskENS1_12WaitableListEE6appendEPS4_
                0x000000000800191a       0x3e ./src/yggdrasil/kernel/Event.o
                0x000000000800191a                framework::DualLinkNode<kernel::Task, kernel::WaitableList>::append(framework::DualLinkNode<kernel::Task, kernel::WaitableList>*)
 .text._Z41__static_initialization_and_destruction_0ii
                0x0000000008001958       0x90 ./src/yggdrasil/kernel/Event.o
 .text._GLOBAL__sub_I__ZN6kernel5Event17kernelSignalEventEPS0_
                0x00000000080019e8       0x10 ./src/yggdrasil/kernel/Event.o
 .text._ZN6kernel5Hooks11onMutexLockEPNS_5MutexEPNS_4TaskE
                0x00000000080019f8       0x14 ./src/yggdrasil/kernel/Mutex.o
                0x00000000080019f8                kernel::Hooks::onMutexLock(kernel::Mutex*, kernel::Task*)
 .text._ZN6kernel5Hooks14onMutexReleaseEPNS_5MutexE
                0x0000000008001a0c       0x12 ./src/yggdrasil/kernel/Mutex.o
                0x0000000008001a0c                kernel::Hooks::onMutexRelease(kernel::Mutex*)
 .text._ZN6kernel5Hooks11onMutexWaitEPNS_5MutexEPNS_4TaskEm
                0x0000000008001a1e       0x16 ./src/yggdrasil/kernel/Mutex.o
                0x0000000008001a1e                kernel::Hooks::onMutexWait(kernel::Mutex*, kernel::Task*, unsigned long)
 .text._ZN6kernel5Mutex15kernelLockMutexEPS0_m
                0x0000000008001a34       0xc0 ./src/yggdrasil/kernel/Mutex.o
                0x0000000008001a34                kernel::Mutex::kernelLockMutex(kernel::Mutex*, unsigned long)
 .text._ZN6kernel5Mutex18kernelReleaseMutexEPS0_
                0x0000000008001af4       0x94 ./src/yggdrasil/kernel/Mutex.o
                0x0000000008001af4                kernel::Mutex::kernelReleaseMutex(kernel::Mutex*)
 .text._ZN9framework14DualLinkedListIN6kernel4TaskENS1_9EventListEE6insertEPS2_PFaS5_S5_E
                0x0000000008001b88      0x120 ./src/yggdrasil/kernel/Mutex.o
                0x0000000008001b88                framework::DualLinkedList<kernel::Task, kernel::EventList>::insert(kernel::Task*, signed char (*)(kernel::Task*, kernel::Task*))
 .text._ZN9framework14DualLinkedListIN6kernel4TaskENS1_9EventListEE7isEmptyEv
                0x0000000008001ca8       0x20 ./src/yggdrasil/kernel/Mutex.o
                0x0000000008001ca8                framework::DualLinkedList<kernel::Task, kernel::EventList>::isEmpty()
 .text._ZN9framework14DualLinkedListIN6kernel4TaskENS1_9EventListEE8getFirstEv
                0x0000000008001cc8       0x64 ./src/yggdrasil/kernel/Mutex.o
                0x0000000008001cc8                framework::DualLinkedList<kernel::Task, kernel::EventList>::getFirst()
 .text._ZN9framework12DualLinkNodeIN6kernel4TaskENS1_9EventListEE7prependEPS4_
                0x0000000008001d2c       0x3e ./src/yggdrasil/kernel/Mutex.o
                0x0000000008001d2c                framework::DualLinkNode<kernel::Task, kernel::EventList>::prepend(framework::DualLinkNode<kernel::Task, kernel::EventList>*)
 .text._ZN9framework12DualLinkNodeIN6kernel4TaskENS1_9EventListEE6appendEPS4_
                0x0000000008001d6a       0x3e ./src/yggdrasil/kernel/Mutex.o
                0x0000000008001d6a                framework::DualLinkNode<kernel::Task, kernel::EventList>::append(framework::DualLinkNode<kernel::Task, kernel::EventList>*)
 .text._Z41__static_initialization_and_destruction_0ii
                0x0000000008001da8       0x90 ./src/yggdrasil/kernel/Mutex.o
 .text._GLOBAL__sub_I__ZN6kernel5Mutex4lockEm
                0x0000000008001e38       0x10 ./src/yggdrasil/kernel/Mutex.o
 .text._ZN6kernel4Task15setStackPointerEPm
                0x0000000008001e48       0x1a ./src/yggdrasil/kernel/Scheduler.o
                0x0000000008001e48                kernel::Task::setStackPointer(unsigned long*)
 .text._ZN6kernel5Hooks13onKernelStartEv
                0x0000000008001e62        0xc ./src/yggdrasil/kernel/Scheduler.o
                0x0000000008001e62                kernel::Hooks::onKernelStart()
 .text._ZN6kernel5Hooks11onTaskStartEPNS_4TaskE
                0x0000000008001e6e       0x12 ./src/yggdrasil/kernel/Scheduler.o
                0x0000000008001e6e                kernel::Hooks::onTaskStart(kernel::Task*)
 .text._ZN6kernel5Hooks15onTaskStartExecEPNS_4TaskE
                0x0000000008001e80       0x12 ./src/yggdrasil/kernel/Scheduler.o
                0x0000000008001e80                kernel::Hooks::onTaskStartExec(kernel::Task*)
 .text._ZN6kernel5Hooks14onTaskStopExecEPNS_4TaskE
                0x0000000008001e92       0x12 ./src/yggdrasil/kernel/Scheduler.o
                0x0000000008001e92                kernel::Hooks::onTaskStopExec(kernel::Task*)
 .text._ZN6kernel5Hooks11onTaskCloseEPNS_4TaskE
                0x0000000008001ea4       0x12 ./src/yggdrasil/kernel/Scheduler.o
                0x0000000008001ea4                kernel::Hooks::onTaskClose(kernel::Task*)
 .text._ZN6kernel5Hooks11onTaskSleepEPNS_4TaskEy
                0x0000000008001eb6       0x16 ./src/yggdrasil/kernel/Scheduler.o
                0x0000000008001eb6                kernel::Hooks::onTaskSleep(kernel::Task*, unsigned long long)
 .text._ZN6kernel9Scheduler11setupKernelEh
                0x0000000008001ecc       0x20 ./src/yggdrasil/kernel/Scheduler.o
                0x0000000008001ecc                kernel::Scheduler::setupKernel(unsigned char)
 .text._ZN6kernel9Scheduler11startKernelEv
                0x0000000008001eec       0x84 ./src/yggdrasil/kernel/Scheduler.o
                0x0000000008001eec                kernel::Scheduler::startKernel()
 .text._ZN6kernel9Scheduler22installKernelInterruptEv
                0x0000000008001f70       0xcc ./src/yggdrasil/kernel/Scheduler.o
                0x0000000008001f70                kernel::Scheduler::installKernelInterrupt()
 .text._ZN6kernel9Scheduler14startFirstTaskEv
                0x000000000800203c       0x40 ./src/yggdrasil/kernel/Scheduler.o
                0x000000000800203c                kernel::Scheduler::startFirstTask()
 .text._ZN6kernel9Scheduler11irqRegisterEN4core10interfaces3IrqEPFvvEPKc
                0x000000000800207c       0x28 ./src/yggdrasil/kernel/Scheduler.o
                0x000000000800207c                kernel::Scheduler::irqRegister(core::interfaces::Irq, void (*)(), char const*)
 .text._ZN6kernel9Scheduler13irqUnregisterEN4core10interfaces3IrqE
                0x00000000080020a4       0x20 ./src/yggdrasil/kernel/Scheduler.o
                0x00000000080020a4                kernel::Scheduler::irqUnregister(core::interfaces::Irq)
 .text._ZN6kernel9Scheduler26enterKernelCriticalSectionEv
                0x00000000080020c4       0x4c ./src/yggdrasil/kernel/Scheduler.o
                0x00000000080020c4                kernel::Scheduler::enterKernelCriticalSection()
 .text._ZN6kernel9Scheduler25exitKernelCriticalSectionEv
                0x0000000008002110       0x3c ./src/yggdrasil/kernel/Scheduler.o
                0x0000000008002110                kernel::Scheduler::exitKernelCriticalSection()
 .text._ZN6kernel9Scheduler9startTaskERNS_4TaskE
                0x000000000800214c       0x68 ./src/yggdrasil/kernel/Scheduler.o
                0x000000000800214c                kernel::Scheduler::startTask(kernel::Task&)
 .text._ZN6kernel9Scheduler8scheduleENS0_17changeTaskTriggerE
                0x00000000080021b4       0xc0 ./src/yggdrasil/kernel/Scheduler.o
                0x00000000080021b4                kernel::Scheduler::schedule(kernel::Scheduler::changeTaskTrigger)
 .text._ZN6kernel9Scheduler8stopTaskERNS_4TaskE
                0x0000000008002274       0x6c ./src/yggdrasil/kernel/Scheduler.o
                0x0000000008002274                kernel::Scheduler::stopTask(kernel::Task&)
 .text._ZN6kernel9Scheduler5sleepEm
                0x00000000080022e0       0x84 ./src/yggdrasil/kernel/Scheduler.o
                0x00000000080022e0                kernel::Scheduler::sleep(unsigned long)
 .text._ZN6kernel9Scheduler9setPendSvENS0_17changeTaskTriggerE
                0x0000000008002364       0x20 ./src/yggdrasil/kernel/Scheduler.o
                0x0000000008002364                kernel::Scheduler::setPendSv(kernel::Scheduler::changeTaskTrigger)
 .text._ZN6kernel9Scheduler10taskSwitchEPm
                0x0000000008002384       0x74 ./src/yggdrasil/kernel/Scheduler.o
                0x0000000008002384                kernel::Scheduler::taskSwitch(unsigned long*)
 .text._ZN6kernel9Scheduler15systemTimerTickEv
                0x00000000080023f8       0xfc ./src/yggdrasil/kernel/Scheduler.o
                0x00000000080023f8                kernel::Scheduler::systemTimerTick()
 .text._ZN6kernel9Scheduler14supervisorCallENS_11ServiceCall9SvcNumberEPm
                0x00000000080024f4      0x1f0 ./src/yggdrasil/kernel/Scheduler.o
                0x00000000080024f4                kernel::Scheduler::supervisorCall(kernel::ServiceCall::SvcNumber, unsigned long*)
 .text._ZN9framework14DualLinkedListIN6kernel4TaskENS1_9ReadyListEE7isEmptyEv
                0x00000000080026e4       0x20 ./src/yggdrasil/kernel/Scheduler.o
                0x00000000080026e4                framework::DualLinkedList<kernel::Task, kernel::ReadyList>::isEmpty()
 .text._ZN4core4Core14supervisorCallILN6kernel11ServiceCall9SvcNumberE0EvEET0_v
                0x0000000008002704       0x10 ./src/yggdrasil/kernel/Scheduler.o
                0x0000000008002704                void core::Core::supervisorCall<(kernel::ServiceCall::SvcNumber)0, void>()
 .text._ZN9framework14DualLinkedListIN6kernel4TaskENS1_11StartedListEE6insertEPS2_PFaS5_S5_E
                0x0000000008002714      0x120 ./src/yggdrasil/kernel/Scheduler.o
                0x0000000008002714                framework::DualLinkedList<kernel::Task, kernel::StartedList>::insert(kernel::Task*, signed char (*)(kernel::Task*, kernel::Task*))
 .text._ZN9framework14DualLinkedListIN6kernel4TaskENS1_9ReadyListEE9peekFirstEv
                0x0000000008002834       0x24 ./src/yggdrasil/kernel/Scheduler.o
                0x0000000008002834                framework::DualLinkedList<kernel::Task, kernel::ReadyList>::peekFirst()
 .text._ZN9framework14DualLinkedListIN6kernel4TaskENS1_9ReadyListEE6removeEPS2_
                0x0000000008002858       0xd0 ./src/yggdrasil/kernel/Scheduler.o
                0x0000000008002858                framework::DualLinkedList<kernel::Task, kernel::ReadyList>::remove(kernel::Task*)
 .text._ZN9framework14DualLinkedListIN6kernel4TaskENS1_12SleepingListEE6removeEPS2_
                0x0000000008002928       0xd0 ./src/yggdrasil/kernel/Scheduler.o
                0x0000000008002928                framework::DualLinkedList<kernel::Task, kernel::SleepingList>::remove(kernel::Task*)
 .text._ZN9framework14DualLinkedListIN6kernel4TaskENS1_11StartedListEE6removeEPS2_
                0x00000000080029f8       0xd0 ./src/yggdrasil/kernel/Scheduler.o
                0x00000000080029f8                framework::DualLinkedList<kernel::Task, kernel::StartedList>::remove(kernel::Task*)
 .text._ZN9framework14DualLinkedListIN6kernel4TaskENS1_12SleepingListEE6insertEPS2_PFaS5_S5_E
                0x0000000008002ac8      0x120 ./src/yggdrasil/kernel/Scheduler.o
                0x0000000008002ac8                framework::DualLinkedList<kernel::Task, kernel::SleepingList>::insert(kernel::Task*, signed char (*)(kernel::Task*, kernel::Task*))
 .text._ZN9framework14DualLinkedListIN6kernel4TaskENS1_12SleepingListEE7isEmptyEv
                0x0000000008002be8       0x20 ./src/yggdrasil/kernel/Scheduler.o
                0x0000000008002be8                framework::DualLinkedList<kernel::Task, kernel::SleepingList>::isEmpty()
 .text._ZN9framework14DualLinkedListIN6kernel4TaskENS1_12SleepingListEE9peekFirstEv
                0x0000000008002c08       0x24 ./src/yggdrasil/kernel/Scheduler.o
                0x0000000008002c08                framework::DualLinkedList<kernel::Task, kernel::SleepingList>::peekFirst()
 .text._ZN9framework14DualLinkedListIN6kernel4TaskENS1_12SleepingListEE8getFirstEv
                0x0000000008002c2c       0x64 ./src/yggdrasil/kernel/Scheduler.o
                0x0000000008002c2c                framework::DualLinkedList<kernel::Task, kernel::SleepingList>::getFirst()
 .text._ZN9framework14DualLinkedListIN6kernel4TaskENS1_12WaitableListEE7isEmptyEv
                0x0000000008002c90       0x20 ./src/yggdrasil/kernel/Scheduler.o
                0x0000000008002c90                framework::DualLinkedList<kernel::Task, kernel::WaitableList>::isEmpty()
 .text._ZN9framework14DualLinkedListIN6kernel4TaskENS1_12WaitableListEE9peekFirstEv
                0x0000000008002cb0       0x24 ./src/yggdrasil/kernel/Scheduler.o
                0x0000000008002cb0                framework::DualLinkedList<kernel::Task, kernel::WaitableList>::peekFirst()
 .text._ZN9framework14DualLinkedListIN6kernel4TaskENS1_12WaitableListEE8getFirstEv
                0x0000000008002cd4       0x64 ./src/yggdrasil/kernel/Scheduler.o
                0x0000000008002cd4                framework::DualLinkedList<kernel::Task, kernel::WaitableList>::getFirst()
 .text._ZN9framework12DualLinkNodeIN6kernel4TaskENS1_11StartedListEE7prependEPS4_
                0x0000000008002d38       0x3e ./src/yggdrasil/kernel/Scheduler.o
                0x0000000008002d38                framework::DualLinkNode<kernel::Task, kernel::StartedList>::prepend(framework::DualLinkNode<kernel::Task, kernel::StartedList>*)
 .text._ZN9framework12DualLinkNodeIN6kernel4TaskENS1_11StartedListEE6appendEPS4_
                0x0000000008002d76       0x3e ./src/yggdrasil/kernel/Scheduler.o
                0x0000000008002d76                framework::DualLinkNode<kernel::Task, kernel::StartedList>::append(framework::DualLinkNode<kernel::Task, kernel::StartedList>*)
 .text._ZN9framework12DualLinkNodeIN6kernel4TaskENS1_12SleepingListEE7prependEPS4_
                0x0000000008002db4       0x3e ./src/yggdrasil/kernel/Scheduler.o
                0x0000000008002db4                framework::DualLinkNode<kernel::Task, kernel::SleepingList>::prepend(framework::DualLinkNode<kernel::Task, kernel::SleepingList>*)
 .text._ZN9framework12DualLinkNodeIN6kernel4TaskENS1_12SleepingListEE6appendEPS4_
                0x0000000008002df2       0x3e ./src/yggdrasil/kernel/Scheduler.o
                0x0000000008002df2                framework::DualLinkNode<kernel::Task, kernel::SleepingList>::append(framework::DualLinkNode<kernel::Task, kernel::SleepingList>*)
 .text._Z41__static_initialization_and_destruction_0ii
                0x0000000008002e30       0x90 ./src/yggdrasil/kernel/Scheduler.o
 .text._GLOBAL__sub_I__ZN6kernel9Scheduler18s_schedulerStartedE
                0x0000000008002ec0       0x10 ./src/yggdrasil/kernel/Scheduler.o
 .text._ZN6kernel4Task5startEv
                0x0000000008002ed0       0x34 ./src/yggdrasil/kernel/Task.o
                0x0000000008002ed0                kernel::Task::start()
 .text._ZN6kernel4Task4stopEv
                0x0000000008002f04       0x18 ./src/yggdrasil/kernel/Task.o
                0x0000000008002f04                kernel::Task::stop()
 .text._ZN6kernel4Task12taskFinishedEv
                0x0000000008002f1c        0xc ./src/yggdrasil/kernel/Task.o
                0x0000000008002f1c                kernel::Task::taskFinished()
 .text._ZN4core4Core14supervisorCallILN6kernel11ServiceCall9SvcNumberE8EbPNS2_4TaskEEET0_T1_
                0x0000000008002f28       0x12 ./src/yggdrasil/kernel/Task.o
                0x0000000008002f28                bool core::Core::supervisorCall<(kernel::ServiceCall::SvcNumber)8, bool, kernel::Task*>(kernel::Task*)
 *fill*         0x0000000008002f3a        0x2 
 .text._Z41__static_initialization_and_destruction_0ii
                0x0000000008002f3c       0x90 ./src/yggdrasil/kernel/Task.o
 .text._GLOBAL__sub_I__ZN6kernel4Task13startTaskStubE
                0x0000000008002fcc       0x10 ./src/yggdrasil/kernel/Task.o
 .text.__cxa_pure_virtual
                0x0000000008002fdc        0x6 c:/st/stm32cubeide_1.8.0/stm32cubeide/plugins/com.st.stm32cube.ide.mcu.externaltools.gnu-tools-for-stm32.9-2020-q2-update.win32_2.0.0.202105311346/tools/bin/../lib/gcc/arm-none-eabi/9.3.1/../../../../arm-none-eabi/lib/thumb/v7e-m/nofp\libstdc++_nano.a(pure.o)
                0x0000000008002fdc                __cxa_pure_virtual
 .text._ZN10__cxxabiv111__terminateEPFvvE
                0x0000000008002fe2        0x8 c:/st/stm32cubeide_1.8.0/stm32cubeide/plugins/com.st.stm32cube.ide.mcu.externaltools.gnu-tools-for-stm32.9-2020-q2-update.win32_2.0.0.202105311346/tools/bin/../lib/gcc/arm-none-eabi/9.3.1/../../../../arm-none-eabi/lib/thumb/v7e-m/nofp\libstdc++_nano.a(eh_terminate.o)
                0x0000000008002fe2                __cxxabiv1::__terminate(void (*)())
 *fill*         0x0000000008002fea        0x2 
 .text._ZSt13get_terminatev
                0x0000000008002fec       0x10 c:/st/stm32cubeide_1.8.0/stm32cubeide/plugins/com.st.stm32cube.ide.mcu.externaltools.gnu-tools-for-stm32.9-2020-q2-update.win32_2.0.0.202105311346/tools/bin/../lib/gcc/arm-none-eabi/9.3.1/../../../../arm-none-eabi/lib/thumb/v7e-m/nofp\libstdc++_nano.a(eh_terminate.o)
                0x0000000008002fec                std::get_terminate()
 .text._ZSt9terminatev
                0x0000000008002ffc        0xa c:/st/stm32cubeide_1.8.0/stm32cubeide/plugins/com.st.stm32cube.ide.mcu.externaltools.gnu-tools-for-stm32.9-2020-q2-update.win32_2.0.0.202105311346/tools/bin/../lib/gcc/arm-none-eabi/9.3.1/../../../../arm-none-eabi/lib/thumb/v7e-m/nofp\libstdc++_nano.a(eh_terminate.o)
                0x0000000008002ffc                std::terminate()
 .text.abort    0x0000000008003006        0xe c:/st/stm32cubeide_1.8.0/stm32cubeide/plugins/com.st.stm32cube.ide.mcu.externaltools.gnu-tools-for-stm32.9-2020-q2-update.win32_2.0.0.202105311346/tools/bin/../lib/gcc/arm-none-eabi/9.3.1/../../../../arm-none-eabi/lib/thumb/v7e-m/nofp\libc_nano.a(lib_a-abort.o)
                0x0000000008003006                abort
 .text.__libc_init_array
                0x0000000008003014       0x48 c:/st/stm32cubeide_1.8.0/stm32cubeide/plugins/com.st.stm32cube.ide.mcu.externaltools.gnu-tools-for-stm32.9-2020-q2-update.win32_2.0.0.202105311346/tools/bin/../lib/gcc/arm-none-eabi/9.3.1/../../../../arm-none-eabi/lib/thumb/v7e-m/nofp\libc_nano.a(lib_a-init.o)
                0x0000000008003014                __libc_init_array
 .text._raise_r
                0x000000000800305c       0x50 c:/st/stm32cubeide_1.8.0/stm32cubeide/plugins/com.st.stm32cube.ide.mcu.externaltools.gnu-tools-for-stm32.9-2020-q2-update.win32_2.0.0.202105311346/tools/bin/../lib/gcc/arm-none-eabi/9.3.1/../../../../arm-none-eabi/lib/thumb/v7e-m/nofp\libc_nano.a(lib_a-signal.o)
                0x000000000800305c                _raise_r
 .text.raise    0x00000000080030ac       0x10 c:/st/stm32cubeide_1.8.0/stm32cubeide/plugins/com.st.stm32cube.ide.mcu.externaltools.gnu-tools-for-stm32.9-2020-q2-update.win32_2.0.0.202105311346/tools/bin/../lib/gcc/arm-none-eabi/9.3.1/../../../../arm-none-eabi/lib/thumb/v7e-m/nofp\libc_nano.a(lib_a-signal.o)
                0x00000000080030ac                raise
 .text._kill_r  0x00000000080030bc       0x24 c:/st/stm32cubeide_1.8.0/stm32cubeide/plugins/com.st.stm32cube.ide.mcu.externaltools.gnu-tools-for-stm32.9-2020-q2-update.win32_2.0.0.202105311346/tools/bin/../lib/gcc/arm-none-eabi/9.3.1/../../../../arm-none-eabi/lib/thumb/v7e-m/nofp\libc_nano.a(lib_a-signalr.o)
                0x00000000080030bc                _kill_r
 .text._getpid_r
                0x00000000080030e0        0x4 c:/st/stm32cubeide_1.8.0/stm32cubeide/plugins/com.st.stm32cube.ide.mcu.externaltools.gnu-tools-for-stm32.9-2020-q2-update.win32_2.0.0.202105311346/tools/bin/../lib/gcc/arm-none-eabi/9.3.1/../../../../arm-none-eabi/lib/thumb/v7e-m/nofp\libc_nano.a(lib_a-signalr.o)
                0x00000000080030e0                _getpid_r
 .text._getpid  0x00000000080030e4       0x10 c:/st/stm32cubeide_1.8.0/stm32cubeide/plugins/com.st.stm32cube.ide.mcu.externaltools.gnu-tools-for-stm32.9-2020-q2-update.win32_2.0.0.202105311346/tools/bin/../lib/gcc/arm-none-eabi/9.3.1/../../../../arm-none-eabi/lib/thumb/v7e-m/nofp\libnosys.a(getpid.o)
                0x00000000080030e4                _getpid
 .text._kill    0x00000000080030f4       0x10 c:/st/stm32cubeide_1.8.0/stm32cubeide/plugins/com.st.stm32cube.ide.mcu.externaltools.gnu-tools-for-stm32.9-2020-q2-update.win32_2.0.0.202105311346/tools/bin/../lib/gcc/arm-none-eabi/9.3.1/../../../../arm-none-eabi/lib/thumb/v7e-m/nofp\libnosys.a(kill.o)
                0x00000000080030f4                _kill
 .text._exit    0x0000000008003104        0x2 c:/st/stm32cubeide_1.8.0/stm32cubeide/plugins/com.st.stm32cube.ide.mcu.externaltools.gnu-tools-for-stm32.9-2020-q2-update.win32_2.0.0.202105311346/tools/bin/../lib/gcc/arm-none-eabi/9.3.1/../../../../arm-none-eabi/lib/thumb/v7e-m/nofp\libnosys.a(_exit.o)
                0x0000000008003104                _exit
 *(.glue_7)
 .glue_7        0x0000000008003106        0x0 linker stubs
 *(.glue_7t)
 .glue_7t       0x0000000008003106        0x0 linker stubs
 *(.eh_frame)
 *fill*         0x0000000008003106        0x2 
 .eh_frame      0x0000000008003108        0x0 c:/st/stm32cubeide_1.8.0/stm32cubeide/plugins/com.st.stm32cube.ide.mcu.externaltools.gnu-tools-for-stm32.9-2020-q2-update.win32_2.0.0.202105311346/tools/bin/../lib/gcc/arm-none-eabi/9.3.1/thumb/v7e-m/nofp/crtbegin.o
 *(.init)
 .init          0x0000000008003108        0x4 c:/st/stm32cubeide_1.8.0/stm32cubeide/plugins/com.st.stm32cube.ide.mcu.externaltools.gnu-tools-for-stm32.9-2020-q2-update.win32_2.0.0.202105311346/tools/bin/../lib/gcc/arm-none-eabi/9.3.1/thumb/v7e-m/nofp/crti.o
                0x0000000008003108                _init
 .init          0x000000000800310c        0x8 c:/st/stm32cubeide_1.8.0/stm32cubeide/plugins/com.st.stm32cube.ide.mcu.externaltools.gnu-tools-for-stm32.9-2020-q2-update.win32_2.0.0.202105311346/tools/bin/../lib/gcc/arm-none-eabi/9.3.1/thumb/v7e-m/nofp/crtn.o
 *(.fini)
 .fini          0x0000000008003114        0x4 c:/st/stm32cubeide_1.8.0/stm32cubeide/plugins/com.st.stm32cube.ide.mcu.externaltools.gnu-tools-for-stm32.9-2020-q2-update.win32_2.0.0.202105311346/tools/bin/../lib/gcc/arm-none-eabi/9.3.1/thumb/v7e-m/nofp/crti.o
                0x0000000008003114                _fini
 .fini          0x0000000008003118        0x8 c:/st/stm32cubeide_1.8.0/stm32cubeide/plugins/com.st.stm32cube.ide.mcu.externaltools.gnu-tools-for-stm32.9-2020-q2-update.win32_2.0.0.202105311346/tools/bin/../lib/gcc/arm-none-eabi/9.3.1/thumb/v7e-m/nofp/crtn.o
                0x0000000008003120                . = ALIGN (0x4)
                0x0000000008003120                _etext = .

.vfp11_veneer   0x0000000008003120        0x0
 .vfp11_veneer  0x0000000008003120        0x0 linker stubs

.v4_bx          0x0000000008003120        0x0
 .v4_bx         0x0000000008003120        0x0 linker stubs

.iplt           0x0000000008003120        0x0
 .iplt          0x0000000008003120        0x0 c:/st/stm32cubeide_1.8.0/stm32cubeide/plugins/com.st.stm32cube.ide.mcu.externaltools.gnu-tools-for-stm32.9-2020-q2-update.win32_2.0.0.202105311346/tools/bin/../lib/gcc/arm-none-eabi/9.3.1/thumb/v7e-m/nofp/crtbegin.o

.rodata         0x0000000008003120      0x124
                0x0000000008003120                . = ALIGN (0x4)
 *(.rodata)
 .rodata        0x0000000008003120        0x5 ./src/core/Core.o
 *fill*         0x0000000008003125        0x3 
 .rodata        0x0000000008003128       0x10 ./src/main.o
 .rodata        0x0000000008003138        0x5 ./src/yggdrasil/kernel/Event.o
 *fill*         0x000000000800313d        0x3 
 .rodata        0x0000000008003140        0x5 ./src/yggdrasil/kernel/Mutex.o
 *fill*         0x0000000008003145        0x3 
 .rodata        0x0000000008003148        0x5 ./src/yggdrasil/kernel/Scheduler.o
 *fill*         0x000000000800314d        0x3 
 .rodata        0x0000000008003150        0x5 ./src/yggdrasil/kernel/Task.o
 *(.rodata*)
 *fill*         0x0000000008003155        0x3 
 .rodata._ZTVN6kernel13TaskWithStackILm128EEE
                0x0000000008003158       0x10 ./src/core/Core.o
                0x0000000008003158                vtable for kernel::TaskWithStack<128ul>
 .rodata._ZTVN14implementation7vectors20DynamicVectorManagerE
                0x0000000008003168       0x4c ./src/core/Core.o
                0x0000000008003168                vtable for implementation::vectors::DynamicVectorManager
 .rodata._ZTVN4core10interfaces14IVectorManagerE
                0x00000000080031b4       0x4c ./src/core/Core.o
                0x00000000080031b4                vtable for core::interfaces::IVectorManager
 .rodata._ZTVN4core7drivers6ClocksE
                0x0000000008003200       0x14 ./src/core/drivers/Clocks.o
                0x0000000008003200                vtable for core::drivers::Clocks
 .rodata._ZTVN4core7drivers7SystickE
                0x0000000008003214       0x18 ./src/core/drivers/Systick.o
                0x0000000008003214                vtable for core::drivers::Systick
 .rodata._ZN4core4Core19supervisorIrqNumberE
                0x000000000800322c        0x2 ./src/yggdrasil/kernel/Scheduler.o
                0x000000000800322c                core::Core::supervisorIrqNumber
 *fill*         0x000000000800322e        0x2 
 .rodata._ZN4core4Core19taskSwitchIrqNumberE
                0x0000000008003230        0x2 ./src/yggdrasil/kernel/Scheduler.o
                0x0000000008003230                core::Core::taskSwitchIrqNumber
 *fill*         0x0000000008003232        0x2 
 .rodata._ZTVN6kernel4TaskE
                0x0000000008003234       0x10 ./src/yggdrasil/kernel/Task.o
                0x0000000008003234                vtable for kernel::Task
                0x0000000008003244                . = ALIGN (0x4)

.rel.dyn        0x0000000008003244        0x0
 .rel.iplt      0x0000000008003244        0x0 c:/st/stm32cubeide_1.8.0/stm32cubeide/plugins/com.st.stm32cube.ide.mcu.externaltools.gnu-tools-for-stm32.9-2020-q2-update.win32_2.0.0.202105311346/tools/bin/../lib/gcc/arm-none-eabi/9.3.1/thumb/v7e-m/nofp/crtbegin.o

.ARM.extab      0x0000000008003244        0x0
                0x0000000008003244                . = ALIGN (0x4)
 *(.ARM.extab* .gnu.linkonce.armextab.*)
                0x0000000008003244                . = ALIGN (0x4)

.ARM            0x0000000008003244        0x0
                0x0000000008003244                . = ALIGN (0x4)
                0x0000000008003244                __exidx_start = .
 *(.ARM.exidx*)
                0x0000000008003244                __exidx_end = .
                0x0000000008003244                . = ALIGN (0x4)

.preinit_array  0x0000000008003244        0x0
                0x0000000008003244                . = ALIGN (0x4)
                0x0000000008003244                PROVIDE (__preinit_array_start = .)
 *(.preinit_array*)
                0x0000000008003244                PROVIDE (__preinit_array_end = .)
                0x0000000008003244                . = ALIGN (0x4)

.init_array     0x0000000008003244       0x1c
                0x0000000008003244                . = ALIGN (0x4)
                0x0000000008003244                PROVIDE (__init_array_start = .)
 *(SORT_BY_NAME(.init_array.*))
 *(.init_array*)
 .init_array    0x0000000008003244        0x4 c:/st/stm32cubeide_1.8.0/stm32cubeide/plugins/com.st.stm32cube.ide.mcu.externaltools.gnu-tools-for-stm32.9-2020-q2-update.win32_2.0.0.202105311346/tools/bin/../lib/gcc/arm-none-eabi/9.3.1/thumb/v7e-m/nofp/crtbegin.o
 .init_array    0x0000000008003248        0x4 ./src/core/Core.o
 .init_array    0x000000000800324c        0x4 ./src/main.o
 .init_array    0x0000000008003250        0x4 ./src/yggdrasil/kernel/Event.o
 .init_array    0x0000000008003254        0x4 ./src/yggdrasil/kernel/Mutex.o
 .init_array    0x0000000008003258        0x4 ./src/yggdrasil/kernel/Scheduler.o
 .init_array    0x000000000800325c        0x4 ./src/yggdrasil/kernel/Task.o
                0x0000000008003260                PROVIDE (__init_array_end = .)
                0x0000000008003260                . = ALIGN (0x4)

.fini_array     0x0000000008003260        0x4
                0x0000000008003260                . = ALIGN (0x4)
                [!provide]                        PROVIDE (__fini_array_start = .)
 *(SORT_BY_NAME(.fini_array.*))
 *(.fini_array*)
 .fini_array    0x0000000008003260        0x4 c:/st/stm32cubeide_1.8.0/stm32cubeide/plugins/com.st.stm32cube.ide.mcu.externaltools.gnu-tools-for-stm32.9-2020-q2-update.win32_2.0.0.202105311346/tools/bin/../lib/gcc/arm-none-eabi/9.3.1/thumb/v7e-m/nofp/crtbegin.o
                [!provide]                        PROVIDE (__fini_array_end = .)
                0x0000000008003264                . = ALIGN (0x4)
                0x0000000008003264                _sidata = LOADADDR (.data)

.data           0x0000000020000000       0x88 load address 0x0000000008003264
                0x0000000020000000                . = ALIGN (0x4)
                0x0000000020000000                _sdata = .
 *(.data)
 *(.data*)
 .data._ZN4core7drivers6Clocks10s_instanceE
                0x0000000020000000        0x4 ./src/core/drivers/Clocks.o
                0x0000000020000000                core::drivers::Clocks::s_instance
 .data._ZN4core7drivers6Clocks8s_clocksE
                0x0000000020000004       0x10 ./src/core/drivers/Clocks.o
                0x0000000020000004                core::drivers::Clocks::s_clocks
 .data._ZN4core7drivers7Systick6s_selfE
                0x0000000020000014        0x4 ./src/core/drivers/Systick.o
                0x0000000020000014                core::drivers::Systick::s_self
 .data._ZN6kernel9Scheduler9s_triggerE
                0x0000000020000018        0x4 ./src/yggdrasil/kernel/Scheduler.o
                0x0000000020000018                kernel::Scheduler::s_trigger
 .data._ZN6kernel9Scheduler13s_sysTickFreqE
                0x000000002000001c        0x4 ./src/yggdrasil/kernel/Scheduler.o
                0x000000002000001c                kernel::Scheduler::s_sysTickFreq
 .data._ZN10__cxxabiv119__terminate_handlerE
                0x0000000020000020        0x4 c:/st/stm32cubeide_1.8.0/stm32cubeide/plugins/com.st.stm32cube.ide.mcu.externaltools.gnu-tools-for-stm32.9-2020-q2-update.win32_2.0.0.202105311346/tools/bin/../lib/gcc/arm-none-eabi/9.3.1/../../../../arm-none-eabi/lib/thumb/v7e-m/nofp\libstdc++_nano.a(eh_term_handler.o)
                0x0000000020000020                __cxxabiv1::__terminate_handler
 .data._impure_ptr
                0x0000000020000024        0x4 c:/st/stm32cubeide_1.8.0/stm32cubeide/plugins/com.st.stm32cube.ide.mcu.externaltools.gnu-tools-for-stm32.9-2020-q2-update.win32_2.0.0.202105311346/tools/bin/../lib/gcc/arm-none-eabi/9.3.1/../../../../arm-none-eabi/lib/thumb/v7e-m/nofp\libc_nano.a(lib_a-impure.o)
                0x0000000020000024                _impure_ptr
 .data.impure_data
                0x0000000020000028       0x60 c:/st/stm32cubeide_1.8.0/stm32cubeide/plugins/com.st.stm32cube.ide.mcu.externaltools.gnu-tools-for-stm32.9-2020-q2-update.win32_2.0.0.202105311346/tools/bin/../lib/gcc/arm-none-eabi/9.3.1/../../../../arm-none-eabi/lib/thumb/v7e-m/nofp\libc_nano.a(lib_a-impure.o)
 *(.RamFunc)
 *(.RamFunc*)
                0x0000000020000088                . = ALIGN (0x4)
                0x0000000020000088                _edata = .

.igot.plt       0x0000000020000088        0x0 load address 0x00000000080032ec
 .igot.plt      0x0000000020000088        0x0 c:/st/stm32cubeide_1.8.0/stm32cubeide/plugins/com.st.stm32cube.ide.mcu.externaltools.gnu-tools-for-stm32.9-2020-q2-update.win32_2.0.0.202105311346/tools/bin/../lib/gcc/arm-none-eabi/9.3.1/thumb/v7e-m/nofp/crtbegin.o
                0x0000000020000088                . = ALIGN (0x4)

.bss            0x0000000020000200      0xaa0 load address 0x00000000080032ec
                0x0000000020000200                _sbss = .
                0x0000000020000200                __bss_start__ = _sbss
 *(.bss)
 .bss           0x0000000020000200       0x1c c:/st/stm32cubeide_1.8.0/stm32cubeide/plugins/com.st.stm32cube.ide.mcu.externaltools.gnu-tools-for-stm32.9-2020-q2-update.win32_2.0.0.202105311346/tools/bin/../lib/gcc/arm-none-eabi/9.3.1/thumb/v7e-m/nofp/crtbegin.o
 *(.bss*)
 .bss._ZN4core4Core10coreClocksE
                0x000000002000021c        0x4 ./src/core/Core.o
                0x000000002000021c                core::Core::coreClocks
 .bss._ZN4core4Core8idleTaskE
                0x0000000020000220      0x254 ./src/core/Core.o
                0x0000000020000220                core::Core::idleTask
 *fill*         0x0000000020000474      0x18c 
 .bss._ZN4core4Core13vectorManagerE
                0x0000000020000600      0x400 ./src/core/Core.o
                0x0000000020000600                core::Core::vectorManager
 .bss._ZGVN4core4Core10coreClocksE
                0x0000000020000a00        0x4 ./src/core/Core.o
                0x0000000020000a00                guard variable for core::Core::coreClocks
 .bss._ZGVN4core4Core8idleTaskE
                0x0000000020000a04        0x4 ./src/core/Core.o
                0x0000000020000a04                guard variable for core::Core::idleTask
 .bss._ZN4core7drivers6Clocks13s_initializedE
                0x0000000020000a08        0x1 ./src/core/drivers/Clocks.o
                0x0000000020000a08                core::drivers::Clocks::s_initialized
 *fill*         0x0000000020000a09        0x3 
 .bss.led       0x0000000020000a0c      0x254 ./src/main.o
                0x0000000020000a0c                led
 .bss._ZN6kernel9Scheduler18s_schedulerStartedE
                0x0000000020000c60        0x1 ./src/yggdrasil/kernel/Scheduler.o
                0x0000000020000c60                kernel::Scheduler::s_schedulerStarted
 .bss._ZN6kernel9Scheduler20s_interruptInstalledE
                0x0000000020000c61        0x1 ./src/yggdrasil/kernel/Scheduler.o
                0x0000000020000c61                kernel::Scheduler::s_interruptInstalled
 *fill*         0x0000000020000c62        0x6 
 .bss._ZN6kernel9Scheduler7s_ticksE
                0x0000000020000c68        0x8 ./src/yggdrasil/kernel/Scheduler.o
                0x0000000020000c68                kernel::Scheduler::s_ticks
 .bss._ZN6kernel9Scheduler12s_activeTaskE
                0x0000000020000c70        0x4 ./src/yggdrasil/kernel/Scheduler.o
                0x0000000020000c70                kernel::Scheduler::s_activeTask
 .bss._ZN6kernel9Scheduler13s_taskToStackE
                0x0000000020000c74        0x4 ./src/yggdrasil/kernel/Scheduler.o
                0x0000000020000c74                kernel::Scheduler::s_taskToStack
 .bss._ZN6kernel9Scheduler9scheduledE
                0x0000000020000c78        0x1 ./src/yggdrasil/kernel/Scheduler.o
                0x0000000020000c78                kernel::Scheduler::scheduled
 .bss._ZN6kernel9Scheduler11s_lockLevelE
                0x0000000020000c79        0x1 ./src/yggdrasil/kernel/Scheduler.o
                0x0000000020000c79                kernel::Scheduler::s_lockLevel
 .bss._ZN6kernel9Scheduler16s_isKernelLockedE
                0x0000000020000c7a        0x1 ./src/yggdrasil/kernel/Scheduler.o
                0x0000000020000c7a                kernel::Scheduler::s_isKernelLocked
 .bss._ZN6kernel9Scheduler16s_systemPriorityE
                0x0000000020000c7b        0x1 ./src/yggdrasil/kernel/Scheduler.o
                0x0000000020000c7b                kernel::Scheduler::s_systemPriority
 .bss._ZN6kernel9Scheduler9s_startedE
                0x0000000020000c7c        0x8 ./src/yggdrasil/kernel/Scheduler.o
                0x0000000020000c7c                kernel::Scheduler::s_started
 .bss._ZN6kernel9Scheduler7s_readyE
                0x0000000020000c84        0x8 ./src/yggdrasil/kernel/Scheduler.o
                0x0000000020000c84                kernel::Scheduler::s_ready
 .bss._ZN6kernel9Scheduler10s_sleepingE
                0x0000000020000c8c        0x8 ./src/yggdrasil/kernel/Scheduler.o
                0x0000000020000c8c                kernel::Scheduler::s_sleeping
 .bss._ZN6kernel9Scheduler9s_waitingE
                0x0000000020000c94        0x8 ./src/yggdrasil/kernel/Scheduler.o
                0x0000000020000c94                kernel::Scheduler::s_waiting
 *(COMMON)
 COMMON         0x0000000020000c9c        0x4 c:/st/stm32cubeide_1.8.0/stm32cubeide/plugins/com.st.stm32cube.ide.mcu.externaltools.gnu-tools-for-stm32.9-2020-q2-update.win32_2.0.0.202105311346/tools/bin/../lib/gcc/arm-none-eabi/9.3.1/../../../../arm-none-eabi/lib/thumb/v7e-m/nofp\libc_nano.a(lib_a-reent.o)
                0x0000000020000c9c                errno
                0x0000000020000ca0                . = ALIGN (0x4)
                0x0000000020000ca0                _ebss = .
                0x0000000020000ca0                __bss_end__ = _ebss

._user_heap_stack
                0x0000000020000ca0      0x600 load address 0x00000000080032ec
                0x0000000020000ca0                . = ALIGN (0x8)
                0x0000000020000ca0                PROVIDE (end = .)
                [!provide]                        PROVIDE (_end = .)
                0x0000000020000ea0                . = (. + _Min_Heap_Size)
 *fill*         0x0000000020000ca0      0x200 
                0x00000000200012a0                . = (. + _Min_Stack_Size)
 *fill*         0x0000000020000ea0      0x400 
                0x00000000200012a0                . = ALIGN (0x8)

/DISCARD/
 libc.a(*)
 libm.a(*)
 libgcc.a(*)

.ARM.attributes
                0x0000000000000000       0x2a
 *(.ARM.attributes)
 .ARM.attributes
                0x0000000000000000       0x1e c:/st/stm32cubeide_1.8.0/stm32cubeide/plugins/com.st.stm32cube.ide.mcu.externaltools.gnu-tools-for-stm32.9-2020-q2-update.win32_2.0.0.202105311346/tools/bin/../lib/gcc/arm-none-eabi/9.3.1/thumb/v7e-m/nofp/crti.o
 .ARM.attributes
                0x000000000000001e       0x2e c:/st/stm32cubeide_1.8.0/stm32cubeide/plugins/com.st.stm32cube.ide.mcu.externaltools.gnu-tools-for-stm32.9-2020-q2-update.win32_2.0.0.202105311346/tools/bin/../lib/gcc/arm-none-eabi/9.3.1/thumb/v7e-m/nofp/crtbegin.o
 .ARM.attributes
                0x000000000000004c       0x2e ./src/core/Core.o
 .ARM.attributes
                0x000000000000007a       0x2e ./src/core/drivers/Clocks.o
 .ARM.attributes
                0x00000000000000a8       0x2e ./src/core/drivers/Systick.o
 .ARM.attributes
                0x00000000000000d6       0x21 ./src/core/vendor/startup_stm32wl55jcix.o
 .ARM.attributes
                0x00000000000000f7       0x2e ./src/main.o
 .ARM.attributes
                0x0000000000000125       0x2e ./src/yggdrasil/kernel/Event.o
 .ARM.attributes
                0x0000000000000153       0x2e ./src/yggdrasil/kernel/Mutex.o
 .ARM.attributes
                0x0000000000000181       0x2e ./src/yggdrasil/kernel/Scheduler.o
 .ARM.attributes
                0x00000000000001af       0x2e ./src/yggdrasil/kernel/Task.o
 .ARM.attributes
                0x00000000000001dd       0x2e c:/st/stm32cubeide_1.8.0/stm32cubeide/plugins/com.st.stm32cube.ide.mcu.externaltools.gnu-tools-for-stm32.9-2020-q2-update.win32_2.0.0.202105311346/tools/bin/../lib/gcc/arm-none-eabi/9.3.1/../../../../arm-none-eabi/lib/thumb/v7e-m/nofp\libstdc++_nano.a(pure.o)
 .ARM.attributes
                0x000000000000020b       0x2e c:/st/stm32cubeide_1.8.0/stm32cubeide/plugins/com.st.stm32cube.ide.mcu.externaltools.gnu-tools-for-stm32.9-2020-q2-update.win32_2.0.0.202105311346/tools/bin/../lib/gcc/arm-none-eabi/9.3.1/../../../../arm-none-eabi/lib/thumb/v7e-m/nofp\libstdc++_nano.a(eh_terminate.o)
 .ARM.attributes
                0x0000000000000239       0x2e c:/st/stm32cubeide_1.8.0/stm32cubeide/plugins/com.st.stm32cube.ide.mcu.externaltools.gnu-tools-for-stm32.9-2020-q2-update.win32_2.0.0.202105311346/tools/bin/../lib/gcc/arm-none-eabi/9.3.1/../../../../arm-none-eabi/lib/thumb/v7e-m/nofp\libstdc++_nano.a(eh_term_handler.o)
 .ARM.attributes
                0x0000000000000267       0x2e c:/st/stm32cubeide_1.8.0/stm32cubeide/plugins/com.st.stm32cube.ide.mcu.externaltools.gnu-tools-for-stm32.9-2020-q2-update.win32_2.0.0.202105311346/tools/bin/../lib/gcc/arm-none-eabi/9.3.1/../../../../arm-none-eabi/lib/thumb/v7e-m/nofp\libc_nano.a(lib_a-abort.o)
 .ARM.attributes
                0x0000000000000295       0x2e c:/st/stm32cubeide_1.8.0/stm32cubeide/plugins/com.st.stm32cube.ide.mcu.externaltools.gnu-tools-for-stm32.9-2020-q2-update.win32_2.0.0.202105311346/tools/bin/../lib/gcc/arm-none-eabi/9.3.1/../../../../arm-none-eabi/lib/thumb/v7e-m/nofp\libc_nano.a(lib_a-impure.o)
 .ARM.attributes
                0x00000000000002c3       0x2e c:/st/stm32cubeide_1.8.0/stm32cubeide/plugins/com.st.stm32cube.ide.mcu.externaltools.gnu-tools-for-stm32.9-2020-q2-update.win32_2.0.0.202105311346/tools/bin/../lib/gcc/arm-none-eabi/9.3.1/../../../../arm-none-eabi/lib/thumb/v7e-m/nofp\libc_nano.a(lib_a-init.o)
 .ARM.attributes
                0x00000000000002f1       0x2e c:/st/stm32cubeide_1.8.0/stm32cubeide/plugins/com.st.stm32cube.ide.mcu.externaltools.gnu-tools-for-stm32.9-2020-q2-update.win32_2.0.0.202105311346/tools/bin/../lib/gcc/arm-none-eabi/9.3.1/../../../../arm-none-eabi/lib/thumb/v7e-m/nofp\libc_nano.a(lib_a-signal.o)
 .ARM.attributes
                0x000000000000031f       0x2e c:/st/stm32cubeide_1.8.0/stm32cubeide/plugins/com.st.stm32cube.ide.mcu.externaltools.gnu-tools-for-stm32.9-2020-q2-update.win32_2.0.0.202105311346/tools/bin/../lib/gcc/arm-none-eabi/9.3.1/../../../../arm-none-eabi/lib/thumb/v7e-m/nofp\libc_nano.a(lib_a-signalr.o)
 .ARM.attributes
                0x000000000000034d       0x2e c:/st/stm32cubeide_1.8.0/stm32cubeide/plugins/com.st.stm32cube.ide.mcu.externaltools.gnu-tools-for-stm32.9-2020-q2-update.win32_2.0.0.202105311346/tools/bin/../lib/gcc/arm-none-eabi/9.3.1/../../../../arm-none-eabi/lib/thumb/v7e-m/nofp\libc_nano.a(lib_a-reent.o)
 .ARM.attributes
                0x000000000000037b       0x2e c:/st/stm32cubeide_1.8.0/stm32cubeide/plugins/com.st.stm32cube.ide.mcu.externaltools.gnu-tools-for-stm32.9-2020-q2-update.win32_2.0.0.202105311346/tools/bin/../lib/gcc/arm-none-eabi/9.3.1/../../../../arm-none-eabi/lib/thumb/v7e-m/nofp\libnosys.a(getpid.o)
 .ARM.attributes
                0x00000000000003a9       0x2e c:/st/stm32cubeide_1.8.0/stm32cubeide/plugins/com.st.stm32cube.ide.mcu.externaltools.gnu-tools-for-stm32.9-2020-q2-update.win32_2.0.0.202105311346/tools/bin/../lib/gcc/arm-none-eabi/9.3.1/../../../../arm-none-eabi/lib/thumb/v7e-m/nofp\libnosys.a(kill.o)
 .ARM.attributes
                0x00000000000003d7       0x2e c:/st/stm32cubeide_1.8.0/stm32cubeide/plugins/com.st.stm32cube.ide.mcu.externaltools.gnu-tools-for-stm32.9-2020-q2-update.win32_2.0.0.202105311346/tools/bin/../lib/gcc/arm-none-eabi/9.3.1/../../../../arm-none-eabi/lib/thumb/v7e-m/nofp\libnosys.a(_exit.o)
 .ARM.attributes
                0x0000000000000405       0x1e c:/st/stm32cubeide_1.8.0/stm32cubeide/plugins/com.st.stm32cube.ide.mcu.externaltools.gnu-tools-for-stm32.9-2020-q2-update.win32_2.0.0.202105311346/tools/bin/../lib/gcc/arm-none-eabi/9.3.1/thumb/v7e-m/nofp/crtn.o
OUTPUT(develop_CM4.elf elf32-littlearm)
LOAD linker stubs
LOAD c:/st/stm32cubeide_1.8.0/stm32cubeide/plugins/com.st.stm32cube.ide.mcu.externaltools.gnu-tools-for-stm32.9-2020-q2-update.win32_2.0.0.202105311346/tools/bin/../lib/gcc/arm-none-eabi/9.3.1/../../../../arm-none-eabi/lib/thumb/v7e-m/nofp\libc.a
LOAD c:/st/stm32cubeide_1.8.0/stm32cubeide/plugins/com.st.stm32cube.ide.mcu.externaltools.gnu-tools-for-stm32.9-2020-q2-update.win32_2.0.0.202105311346/tools/bin/../lib/gcc/arm-none-eabi/9.3.1/../../../../arm-none-eabi/lib/thumb/v7e-m/nofp\libm.a
LOAD c:/st/stm32cubeide_1.8.0/stm32cubeide/plugins/com.st.stm32cube.ide.mcu.externaltools.gnu-tools-for-stm32.9-2020-q2-update.win32_2.0.0.202105311346/tools/bin/../lib/gcc/arm-none-eabi/9.3.1/thumb/v7e-m/nofp\libgcc.a

.debug_info     0x0000000000000000    0x5ae64
 .debug_info    0x0000000000000000     0xf63d ./src/core/Core.o
 .debug_info    0x000000000000f63d      0xf11 ./src/core/drivers/Clocks.o
 .debug_info    0x000000000001054e      0xa55 ./src/core/drivers/Systick.o
 .debug_info    0x0000000000010fa3       0x22 ./src/core/vendor/startup_stm32wl55jcix.o
 .debug_info    0x0000000000010fc5     0xe8b2 ./src/main.o
 .debug_info    0x000000000001f877     0xec01 ./src/yggdrasil/kernel/Event.o
 .debug_info    0x000000000002e478     0xed45 ./src/yggdrasil/kernel/Mutex.o
 .debug_info    0x000000000003d1bd     0xf5b0 ./src/yggdrasil/kernel/Scheduler.o
 .debug_info    0x000000000004c76d     0xe6f7 ./src/yggdrasil/kernel/Task.o

.debug_abbrev   0x0000000000000000     0x58d2
 .debug_abbrev  0x0000000000000000      0xee3 ./src/core/Core.o
 .debug_abbrev  0x0000000000000ee3      0x2e5 ./src/core/drivers/Clocks.o
 .debug_abbrev  0x00000000000011c8      0x32d ./src/core/drivers/Systick.o
 .debug_abbrev  0x00000000000014f5       0x12 ./src/core/vendor/startup_stm32wl55jcix.o
 .debug_abbrev  0x0000000000001507      0xd57 ./src/main.o
 .debug_abbrev  0x000000000000225e      0xd40 ./src/yggdrasil/kernel/Event.o
 .debug_abbrev  0x0000000000002f9e      0xd40 ./src/yggdrasil/kernel/Mutex.o
 .debug_abbrev  0x0000000000003cde      0xee5 ./src/yggdrasil/kernel/Scheduler.o
 .debug_abbrev  0x0000000000004bc3      0xd0f ./src/yggdrasil/kernel/Task.o

.debug_aranges  0x0000000000000000      0x940
 .debug_aranges
                0x0000000000000000      0x1e0 ./src/core/Core.o
 .debug_aranges
                0x00000000000001e0       0x30 ./src/core/drivers/Clocks.o
 .debug_aranges
                0x0000000000000210       0x40 ./src/core/drivers/Systick.o
 .debug_aranges
                0x0000000000000250       0x28 ./src/core/vendor/startup_stm32wl55jcix.o
 .debug_aranges
                0x0000000000000278       0xb0 ./src/main.o
 .debug_aranges
                0x0000000000000328      0x148 ./src/yggdrasil/kernel/Event.o
 .debug_aranges
                0x0000000000000470      0x170 ./src/yggdrasil/kernel/Mutex.o
 .debug_aranges
                0x00000000000005e0      0x2b8 ./src/yggdrasil/kernel/Scheduler.o
 .debug_aranges
                0x0000000000000898       0xa8 ./src/yggdrasil/kernel/Task.o

.debug_ranges   0x0000000000000000      0x8b8
 .debug_ranges  0x0000000000000000      0x1d0 ./src/core/Core.o
 .debug_ranges  0x00000000000001d0       0x20 ./src/core/drivers/Clocks.o
 .debug_ranges  0x00000000000001f0       0x30 ./src/core/drivers/Systick.o
 .debug_ranges  0x0000000000000220       0x20 ./src/core/vendor/startup_stm32wl55jcix.o
 .debug_ranges  0x0000000000000240       0xa0 ./src/main.o
 .debug_ranges  0x00000000000002e0      0x138 ./src/yggdrasil/kernel/Event.o
 .debug_ranges  0x0000000000000418      0x160 ./src/yggdrasil/kernel/Mutex.o
 .debug_ranges  0x0000000000000578      0x2a8 ./src/yggdrasil/kernel/Scheduler.o
 .debug_ranges  0x0000000000000820       0x98 ./src/yggdrasil/kernel/Task.o

.debug_macro    0x0000000000000000    0x17362
 .debug_macro   0x0000000000000000      0x81d ./src/core/Core.o
 .debug_macro   0x000000000000081d      0xbec ./src/core/Core.o
 .debug_macro   0x0000000000001409      0x17c ./src/core/Core.o
 .debug_macro   0x0000000000001585       0x10 ./src/core/Core.o
 .debug_macro   0x0000000000001595       0x9e ./src/core/Core.o
 .debug_macro   0x0000000000001633       0xfd ./src/core/Core.o
 .debug_macro   0x0000000000001730      0x3a0 ./src/core/Core.o
 .debug_macro   0x0000000000001ad0       0x1c ./src/core/Core.o
 .debug_macro   0x0000000000001aec       0x22 ./src/core/Core.o
 .debug_macro   0x0000000000001b0e       0x8e ./src/core/Core.o
 .debug_macro   0x0000000000001b9c       0x51 ./src/core/Core.o
 .debug_macro   0x0000000000001bed      0x103 ./src/core/Core.o
 .debug_macro   0x0000000000001cf0       0x6a ./src/core/Core.o
 .debug_macro   0x0000000000001d5a      0x1df ./src/core/Core.o
 .debug_macro   0x0000000000001f39       0x18 ./src/core/Core.o
 .debug_macro   0x0000000000001f51       0x52 ./src/core/Core.o
 .debug_macro   0x0000000000001fa3       0x18 ./src/core/Core.o
 .debug_macro   0x0000000000001fbb       0x3c ./src/core/Core.o
 .debug_macro   0x0000000000001ff7       0x34 ./src/core/Core.o
 .debug_macro   0x000000000000202b      0x17b ./src/core/Core.o
 .debug_macro   0x00000000000021a6       0x16 ./src/core/Core.o
 .debug_macro   0x00000000000021bc       0x43 ./src/core/Core.o
 .debug_macro   0x00000000000021ff       0x34 ./src/core/Core.o
 .debug_macro   0x0000000000002233       0x10 ./src/core/Core.o
 .debug_macro   0x0000000000002243       0x58 ./src/core/Core.o
 .debug_macro   0x000000000000229b       0x71 ./src/core/Core.o
 .debug_macro   0x000000000000230c       0x16 ./src/core/Core.o
 .debug_macro   0x0000000000002322      0x12a ./src/core/Core.o
 .debug_macro   0x000000000000244c      0x35c ./src/core/Core.o
 .debug_macro   0x00000000000027a8      0x1a2 ./src/core/Core.o
 .debug_macro   0x000000000000294a       0x10 ./src/core/Core.o
 .debug_macro   0x000000000000295a       0x16 ./src/core/Core.o
 .debug_macro   0x0000000000002970       0x35 ./src/core/Core.o
 .debug_macro   0x00000000000029a5       0x16 ./src/core/Core.o
 .debug_macro   0x00000000000029bb       0x29 ./src/core/Core.o
 .debug_macro   0x00000000000029e4       0x10 ./src/core/Core.o
 .debug_macro   0x00000000000029f4      0x3ce ./src/core/Core.o
 .debug_macro   0x0000000000002dc2       0x16 ./src/core/Core.o
 .debug_macro   0x0000000000002dd8       0x1c ./src/core/Core.o
 .debug_macro   0x0000000000002df4       0x6e ./src/core/Core.o
 .debug_macro   0x0000000000002e62       0x28 ./src/core/Core.o
 .debug_macro   0x0000000000002e8a       0x6a ./src/core/Core.o
 .debug_macro   0x0000000000002ef4       0x18 ./src/core/Core.o
 .debug_macro   0x0000000000002f0c       0x2e ./src/core/Core.o
 .debug_macro   0x0000000000002f3a       0x1f ./src/core/Core.o
 .debug_macro   0x0000000000002f59       0x88 ./src/core/Core.o
 .debug_macro   0x0000000000002fe1       0x19 ./src/core/Core.o
 .debug_macro   0x0000000000002ffa      0x120 ./src/core/Core.o
 .debug_macro   0x000000000000311a       0x11 ./src/core/Core.o
 .debug_macro   0x000000000000312b       0x17 ./src/core/Core.o
 .debug_macro   0x0000000000003142       0x17 ./src/core/Core.o
 .debug_macro   0x0000000000003159       0x17 ./src/core/Core.o
 .debug_macro   0x0000000000003170       0x17 ./src/core/Core.o
 .debug_macro   0x0000000000003187       0x17 ./src/core/Core.o
 .debug_macro   0x000000000000319e       0x17 ./src/core/Core.o
 .debug_macro   0x00000000000031b5       0x3a ./src/core/Core.o
 .debug_macro   0x00000000000031ef       0x1c ./src/core/Core.o
 .debug_macro   0x000000000000320b       0x22 ./src/core/Core.o
 .debug_macro   0x000000000000322d       0xfb ./src/core/Core.o
 .debug_macro   0x0000000000003328     0x1011 ./src/core/Core.o
 .debug_macro   0x0000000000004339      0x11f ./src/core/Core.o
 .debug_macro   0x0000000000004458     0xf0dc ./src/core/Core.o
 .debug_macro   0x0000000000013534       0x12 ./src/core/Core.o
 .debug_macro   0x0000000000013546       0x11 ./src/core/Core.o
 .debug_macro   0x0000000000013557       0x10 ./src/core/Core.o
 .debug_macro   0x0000000000013567       0x2e ./src/core/Core.o
 .debug_macro   0x0000000000013595       0x22 ./src/core/Core.o
 .debug_macro   0x00000000000135b7       0x3c ./src/core/Core.o
 .debug_macro   0x00000000000135f3       0x10 ./src/core/Core.o
 .debug_macro   0x0000000000013603       0x10 ./src/core/Core.o
 .debug_macro   0x0000000000013613       0x33 ./src/core/Core.o
 .debug_macro   0x0000000000013646      0x173 ./src/core/Core.o
 .debug_macro   0x00000000000137b9       0x11 ./src/core/Core.o
 .debug_macro   0x00000000000137ca       0x17 ./src/core/Core.o
 .debug_macro   0x00000000000137e1       0x10 ./src/core/Core.o
 .debug_macro   0x00000000000137f1       0x5e ./src/core/Core.o
 .debug_macro   0x000000000001384f       0x16 ./src/core/Core.o
 .debug_macro   0x0000000000013865       0x52 ./src/core/Core.o
 .debug_macro   0x00000000000138b7       0x5e ./src/core/Core.o
 .debug_macro   0x0000000000013915       0x11 ./src/core/Core.o
 .debug_macro   0x0000000000013926       0x11 ./src/core/Core.o
 .debug_macro   0x0000000000013937       0x2f ./src/core/Core.o
 .debug_macro   0x0000000000013966       0x16 ./src/core/Core.o
 .debug_macro   0x000000000001397c       0x10 ./src/core/Core.o
 .debug_macro   0x000000000001398c       0x17 ./src/core/Core.o
 .debug_macro   0x00000000000139a3       0xf0 ./src/core/Core.o
 .debug_macro   0x0000000000013a93       0x1c ./src/core/Core.o
 .debug_macro   0x0000000000013aaf       0x10 ./src/core/Core.o
 .debug_macro   0x0000000000013abf       0x1c ./src/core/Core.o
 .debug_macro   0x0000000000013adb       0x52 ./src/core/Core.o
 .debug_macro   0x0000000000013b2d       0x22 ./src/core/Core.o
 .debug_macro   0x0000000000013b4f       0x10 ./src/core/Core.o
 .debug_macro   0x0000000000013b5f       0x40 ./src/core/Core.o
 .debug_macro   0x0000000000013b9f       0xd5 ./src/core/Core.o
 .debug_macro   0x0000000000013c74       0x1c ./src/core/Core.o
 .debug_macro   0x0000000000013c90       0x3d ./src/core/Core.o
 .debug_macro   0x0000000000013ccd       0x16 ./src/core/Core.o
 .debug_macro   0x0000000000013ce3      0x130 ./src/core/Core.o
 .debug_macro   0x0000000000013e13      0x11d ./src/core/Core.o
 .debug_macro   0x0000000000013f30       0x10 ./src/core/Core.o
 .debug_macro   0x0000000000013f40      0x241 ./src/core/Core.o
 .debug_macro   0x0000000000014181       0x19 ./src/core/Core.o
 .debug_macro   0x000000000001419a       0x22 ./src/core/Core.o
 .debug_macro   0x00000000000141bc       0x10 ./src/core/Core.o
 .debug_macro   0x00000000000141cc       0x18 ./src/core/Core.o
 .debug_macro   0x00000000000141e4       0x11 ./src/core/Core.o
 .debug_macro   0x00000000000141f5       0x2d ./src/core/Core.o
 .debug_macro   0x0000000000014222       0x26 ./src/core/Core.o
 .debug_macro   0x0000000000014248       0x12 ./src/core/Core.o
 .debug_macro   0x000000000001425a       0x34 ./src/core/Core.o
 .debug_macro   0x000000000001428e       0xfd ./src/core/drivers/Clocks.o
 .debug_macro   0x000000000001438b      0x101 ./src/core/drivers/Clocks.o
 .debug_macro   0x000000000001448c      0x105 ./src/core/drivers/Systick.o
 .debug_macro   0x0000000000014591      0x82b ./src/main.o
 .debug_macro   0x0000000000014dbc       0x1c ./src/main.o
 .debug_macro   0x0000000000014dd8       0x10 ./src/main.o
 .debug_macro   0x0000000000014de8       0x1c ./src/main.o
 .debug_macro   0x0000000000014e04       0xde ./src/main.o
 .debug_macro   0x0000000000014ee2      0x3d4 ./src/main.o
 .debug_macro   0x00000000000152b6      0x82b ./src/yggdrasil/kernel/Event.o
 .debug_macro   0x0000000000015ae1      0x82b ./src/yggdrasil/kernel/Mutex.o
 .debug_macro   0x000000000001630c      0x82b ./src/yggdrasil/kernel/Scheduler.o
 .debug_macro   0x0000000000016b37      0x82b ./src/yggdrasil/kernel/Task.o

.debug_line     0x0000000000000000     0xe732
 .debug_line    0x0000000000000000     0x248a ./src/core/Core.o
 .debug_line    0x000000000000248a      0x896 ./src/core/drivers/Clocks.o
 .debug_line    0x0000000000002d20      0x8e0 ./src/core/drivers/Systick.o
 .debug_line    0x0000000000003600       0x8c ./src/core/vendor/startup_stm32wl55jcix.o
 .debug_line    0x000000000000368c     0x1d56 ./src/main.o
 .debug_line    0x00000000000053e2     0x22d8 ./src/yggdrasil/kernel/Event.o
 .debug_line    0x00000000000076ba     0x2572 ./src/yggdrasil/kernel/Mutex.o
 .debug_line    0x0000000000009c2c     0x2d9e ./src/yggdrasil/kernel/Scheduler.o
 .debug_line    0x000000000000c9ca     0x1d68 ./src/yggdrasil/kernel/Task.o

.debug_str      0x0000000000000000    0x80f16
 .debug_str     0x0000000000000000    0x7f2ad ./src/core/Core.o
                                      0x7fd72 (size before relaxing)
 .debug_str     0x000000000007f2ad      0x4de ./src/core/drivers/Clocks.o
                                      0x65235 (size before relaxing)
 .debug_str     0x000000000007f78b      0x2cc ./src/core/drivers/Systick.o
                                      0x651aa (size before relaxing)
 .debug_str     0x000000000007fa57       0x39 ./src/core/vendor/startup_stm32wl55jcix.o
                                         0x90 (size before relaxing)
 .debug_str     0x000000000007fa90      0x159 ./src/main.o
                                      0x7f90c (size before relaxing)
 .debug_str     0x000000000007fbe9      0x994 ./src/yggdrasil/kernel/Event.o
                                      0x7fbf3 (size before relaxing)
 .debug_str     0x000000000008057d      0x3a2 ./src/yggdrasil/kernel/Mutex.o
                                      0x7fb93 (size before relaxing)
 .debug_str     0x000000000008091f      0x33f ./src/yggdrasil/kernel/Scheduler.o
                                      0x7fc92 (size before relaxing)
 .debug_str     0x0000000000080c5e      0x2b8 ./src/yggdrasil/kernel/Task.o
                                      0x7fa7d (size before relaxing)

.comment        0x0000000000000000       0x53
 .comment       0x0000000000000000       0x53 ./src/core/Core.o
                                         0x54 (size before relaxing)
 .comment       0x0000000000000053       0x54 ./src/core/drivers/Clocks.o
 .comment       0x0000000000000053       0x54 ./src/core/drivers/Systick.o
 .comment       0x0000000000000053       0x54 ./src/main.o
 .comment       0x0000000000000053       0x54 ./src/yggdrasil/kernel/Event.o
 .comment       0x0000000000000053       0x54 ./src/yggdrasil/kernel/Mutex.o
 .comment       0x0000000000000053       0x54 ./src/yggdrasil/kernel/Scheduler.o
 .comment       0x0000000000000053       0x54 ./src/yggdrasil/kernel/Task.o

.debug_frame    0x0000000000000000     0x2a0c
 .debug_frame   0x0000000000000000      0x830 ./src/core/Core.o
 .debug_frame   0x0000000000000830       0x88 ./src/core/drivers/Clocks.o
 .debug_frame   0x00000000000008b8       0xd4 ./src/core/drivers/Systick.o
 .debug_frame   0x000000000000098c      0x2a4 ./src/main.o
 .debug_frame   0x0000000000000c30      0x590 ./src/yggdrasil/kernel/Event.o
 .debug_frame   0x00000000000011c0      0x658 ./src/yggdrasil/kernel/Mutex.o
 .debug_frame   0x0000000000001818      0xc5c ./src/yggdrasil/kernel/Scheduler.o
 .debug_frame   0x0000000000002474      0x290 ./src/yggdrasil/kernel/Task.o
 .debug_frame   0x0000000000002704       0x40 c:/st/stm32cubeide_1.8.0/stm32cubeide/plugins/com.st.stm32cube.ide.mcu.externaltools.gnu-tools-for-stm32.9-2020-q2-update.win32_2.0.0.202105311346/tools/bin/../lib/gcc/arm-none-eabi/9.3.1/../../../../arm-none-eabi/lib/thumb/v7e-m/nofp\libstdc++_nano.a(pure.o)
 .debug_frame   0x0000000000002744       0xb0 c:/st/stm32cubeide_1.8.0/stm32cubeide/plugins/com.st.stm32cube.ide.mcu.externaltools.gnu-tools-for-stm32.9-2020-q2-update.win32_2.0.0.202105311346/tools/bin/../lib/gcc/arm-none-eabi/9.3.1/../../../../arm-none-eabi/lib/thumb/v7e-m/nofp\libstdc++_nano.a(eh_terminate.o)
 .debug_frame   0x00000000000027f4       0x28 c:/st/stm32cubeide_1.8.0/stm32cubeide/plugins/com.st.stm32cube.ide.mcu.externaltools.gnu-tools-for-stm32.9-2020-q2-update.win32_2.0.0.202105311346/tools/bin/../lib/gcc/arm-none-eabi/9.3.1/../../../../arm-none-eabi/lib/thumb/v7e-m/nofp\libc_nano.a(lib_a-abort.o)
 .debug_frame   0x000000000000281c       0x2c c:/st/stm32cubeide_1.8.0/stm32cubeide/plugins/com.st.stm32cube.ide.mcu.externaltools.gnu-tools-for-stm32.9-2020-q2-update.win32_2.0.0.202105311346/tools/bin/../lib/gcc/arm-none-eabi/9.3.1/../../../../arm-none-eabi/lib/thumb/v7e-m/nofp\libc_nano.a(lib_a-init.o)
 .debug_frame   0x0000000000002848       0xcc c:/st/stm32cubeide_1.8.0/stm32cubeide/plugins/com.st.stm32cube.ide.mcu.externaltools.gnu-tools-for-stm32.9-2020-q2-update.win32_2.0.0.202105311346/tools/bin/../lib/gcc/arm-none-eabi/9.3.1/../../../../arm-none-eabi/lib/thumb/v7e-m/nofp\libc_nano.a(lib_a-signal.o)
 .debug_frame   0x0000000000002914       0x3c c:/st/stm32cubeide_1.8.0/stm32cubeide/plugins/com.st.stm32cube.ide.mcu.externaltools.gnu-tools-for-stm32.9-2020-q2-update.win32_2.0.0.202105311346/tools/bin/../lib/gcc/arm-none-eabi/9.3.1/../../../../arm-none-eabi/lib/thumb/v7e-m/nofp\libc_nano.a(lib_a-signalr.o)
 .debug_frame   0x0000000000002950       0x5c c:/st/stm32cubeide_1.8.0/stm32cubeide/plugins/com.st.stm32cube.ide.mcu.externaltools.gnu-tools-for-stm32.9-2020-q2-update.win32_2.0.0.202105311346/tools/bin/../lib/gcc/arm-none-eabi/9.3.1/../../../../arm-none-eabi/lib/thumb/v7e-m/nofp\libc_nano.a(lib_a-reent.o)
 .debug_frame   0x00000000000029ac       0x20 c:/st/stm32cubeide_1.8.0/stm32cubeide/plugins/com.st.stm32cube.ide.mcu.externaltools.gnu-tools-for-stm32.9-2020-q2-update.win32_2.0.0.202105311346/tools/bin/../lib/gcc/arm-none-eabi/9.3.1/../../../../arm-none-eabi/lib/thumb/v7e-m/nofp\libnosys.a(getpid.o)
 .debug_frame   0x00000000000029cc       0x20 c:/st/stm32cubeide_1.8.0/stm32cubeide/plugins/com.st.stm32cube.ide.mcu.externaltools.gnu-tools-for-stm32.9-2020-q2-update.win32_2.0.0.202105311346/tools/bin/../lib/gcc/arm-none-eabi/9.3.1/../../../../arm-none-eabi/lib/thumb/v7e-m/nofp\libnosys.a(kill.o)
 .debug_frame   0x00000000000029ec       0x20 c:/st/stm32cubeide_1.8.0/stm32cubeide/plugins/com.st.stm32cube.ide.mcu.externaltools.gnu-tools-for-stm32.9-2020-q2-update.win32_2.0.0.202105311346/tools/bin/../lib/gcc/arm-none-eabi/9.3.1/../../../../arm-none-eabi/lib/thumb/v7e-m/nofp\libnosys.a(_exit.o)

.stab           0x0000000000000000       0x3c
 .stab          0x0000000000000000       0x24 c:/st/stm32cubeide_1.8.0/stm32cubeide/plugins/com.st.stm32cube.ide.mcu.externaltools.gnu-tools-for-stm32.9-2020-q2-update.win32_2.0.0.202105311346/tools/bin/../lib/gcc/arm-none-eabi/9.3.1/../../../../arm-none-eabi/lib/thumb/v7e-m/nofp\libnosys.a(getpid.o)
 .stab          0x0000000000000024       0x18 c:/st/stm32cubeide_1.8.0/stm32cubeide/plugins/com.st.stm32cube.ide.mcu.externaltools.gnu-tools-for-stm32.9-2020-q2-update.win32_2.0.0.202105311346/tools/bin/../lib/gcc/arm-none-eabi/9.3.1/../../../../arm-none-eabi/lib/thumb/v7e-m/nofp\libnosys.a(kill.o)
                                         0x24 (size before relaxing)

.stabstr        0x0000000000000000       0x76
 .stabstr       0x0000000000000000       0x76 c:/st/stm32cubeide_1.8.0/stm32cubeide/plugins/com.st.stm32cube.ide.mcu.externaltools.gnu-tools-for-stm32.9-2020-q2-update.win32_2.0.0.202105311346/tools/bin/../lib/gcc/arm-none-eabi/9.3.1/../../../../arm-none-eabi/lib/thumb/v7e-m/nofp\libnosys.a(getpid.o)
