core_cm4.h:1679:22:void __NVIC_EnableIRQ(IRQn_Type)	16	static,ignoring_inline_asm
core_cm4.h:1717:22:void __NVIC_DisableIRQ(IRQn_Type)	16	static,ignoring_inline_asm
core_cm4.h:1770:22:void __NVIC_ClearPendingIRQ(IRQn_Type)	16	static
core_cm4.h:1809:22:void __NVIC_SetPriority(IRQn_Type, uint32_t)	16	static
IVectorsManager.hpp:40:14:constexpr core::interfaces::Irq::Irq(int16_t)	16	static
IVectorsManager.hpp:49:14:constexpr core::interfaces::Irq::operator int16_t()	16	static
Assertion.hpp:4:14:void kernel::stop()	4	static,ignoring_inline_asm
IVectorsManager.hpp:58:9:constexpr core::interfaces::IVectorManager::IVectorManager()	16	static
DynamicVectorManager.hpp:43:2:implementation::vectors::DynamicVectorManager::DynamicVectorManager(uint8_t, core::interfaces::IVectorManager::IrqHandler)	32	static
DynamicVectorManager.hpp:53:47:virtual void implementation::vectors::DynamicVectorManager::registerHandler(core::interfaces::Irq, core::interfaces::IVectorManager::IrqHandler, const char*)	32	static
DynamicVectorManager.hpp:58:15:virtual void implementation::vectors::DynamicVectorManager::unregisterHandler(core::interfaces::Irq)	24	static
DynamicVectorManager.hpp:63:19:virtual uint32_t implementation::vectors::DynamicVectorManager::tableBaseAddress()	24	static
DynamicVectorManager.hpp:69:21:virtual void (* implementation::vectors::DynamicVectorManager::getIsr(uint32_t))()	16	static
DynamicVectorManager.hpp:74:47:virtual void implementation::vectors::DynamicVectorManager::irqPriority(core::interfaces::Irq, uint8_t, uint8_t)	24	static
DynamicVectorManager.hpp:93:47:virtual void implementation::vectors::DynamicVectorManager::irqPriority(core::interfaces::Irq, uint8_t)	24	static
DynamicVectorManager.hpp:104:15:virtual void implementation::vectors::DynamicVectorManager::subPriorityBits(uint8_t)	16	static
DynamicVectorManager.hpp:120:18:virtual uint8_t implementation::vectors::DynamicVectorManager::subPriorityBits()	16	static
DynamicVectorManager.hpp:126:54:virtual void implementation::vectors::DynamicVectorManager::enableIrq(core::interfaces::Irq)	16	static
DynamicVectorManager.hpp:132:22:virtual void implementation::vectors::DynamicVectorManager::disableIrq(core::interfaces::Irq)	16	static
DynamicVectorManager.hpp:137:22:virtual void implementation::vectors::DynamicVectorManager::clearIrq(core::interfaces::Irq)	16	static
DynamicVectorManager.hpp:143:25:virtual uint8_t implementation::vectors::DynamicVectorManager::lockInterruptsHigherThan(uint8_t)	32	static,ignoring_inline_asm
DynamicVectorManager.hpp:153:22:virtual void implementation::vectors::DynamicVectorManager::unlockInterruptsHigherThan(uint8_t)	32	static,ignoring_inline_asm
DynamicVectorManager.hpp:163:54:virtual void implementation::vectors::DynamicVectorManager::lockAllInterrupts()	16	static,ignoring_inline_asm
DynamicVectorManager.hpp:170:54:virtual void implementation::vectors::DynamicVectorManager::enableAllInterrupts()	16	static,ignoring_inline_asm
DynamicVectorManager.hpp:178:22:virtual bool implementation::vectors::DynamicVectorManager::isInstalled()	24	static
DynamicVectorManager.hpp:183:22:virtual bool implementation::vectors::DynamicVectorManager::installVectorManager()	24	static
DynamicVectorManager.hpp:205:14:static void implementation::vectors::DynamicVectorManager::defaultIsrHandler()	16	static,ignoring_inline_asm
Systick.hpp:23:17:virtual void core::drivers::Systick::startSystemTimer()	16	static
Systick.hpp:28:17:virtual void core::drivers::Systick::stopSystemTimer()	16	static
Clocks.hpp:15:7:virtual bool core::drivers::Clocks::init()	16	static
Clocks.hpp:84:17:static core::drivers::Clocks& core::drivers::Clocks::get()	4	static
Clocks.hpp:88:7:void core::drivers::Clocks::setClockDeInitialized()	16	static
gthr-default.h:229:1:int __gthread_key_delete(__gthread_key_t)	16	static
Task.hpp:131:13:constexpr kernel::Task::Task(uint32_t*, uint32_t, kernel::Task::TaskFunc, uint32_t, uint32_t, bool, const char*)	24	static
Task.hpp:271:14:constexpr kernel::TaskWithStack<StackSize>::TaskWithStack(kernel::Task::TaskFunc, uint32_t, uint32_t, bool, const char*) [with long unsigned int StackSize = 128]	40	static
Core.cpp:14:7:static void core::Core::initCore()	24	static
Core.cpp:24:7:static void core::Core::enterStopMode()	8	static
Core.cpp:30:7:static void core::Core::exitFromStopMode()	8	static
Core.cpp:47:39:static void core::Core::restoreTask(volatile uint32_t*)	16	static,ignoring_inline_asm
Core.cpp:59:7:static void core::Core::idleFunc(uint32_t)	16	static,ignoring_inline_asm
Core.cpp:67:7:static void core::Core::contextSwitchTrigger()	4	static
Core.cpp:73:46:static void core::Core::contextSwitchHandler()	0	static,ignoring_inline_asm
Core.cpp:106:7:static void core::Core::systemTimerHandler()	8	static
Core.cpp:112:46:static void core::Core::supervisorCallHandler()	0	static,ignoring_inline_asm
Core.cpp:130:7:static void core::Core::hardFault()	16	static,ignoring_inline_asm
Core.cpp:146:7:static void core::Core::nmi()	4	static,ignoring_inline_asm
Core.cpp:151:7:static void core::Core::usageFault()	4	static,ignoring_inline_asm
Core.cpp:156:7:static void core::Core::busFault()	4	static,ignoring_inline_asm
Core.cpp:161:11:static uint32_t core::Core::getCurrentInterruptNumber()	16	static,ignoring_inline_asm
Core.cpp:166:7:static void core::Core::HardFaultAnalyzer(uint32_t*)	64	static,ignoring_inline_asm
DualLinkedList.hpp:81:14:constexpr framework::DualLinkNode<UnderLyingType, List>::DualLinkNode() [with UnderLyingType = kernel::Task; List = kernel::StartedList]	16	static
DualLinkedList.hpp:81:14:constexpr framework::DualLinkNode<UnderLyingType, List>::DualLinkNode() [with UnderLyingType = kernel::Task; List = kernel::ReadyList]	16	static
DualLinkedList.hpp:81:14:constexpr framework::DualLinkNode<UnderLyingType, List>::DualLinkNode() [with UnderLyingType = kernel::Task; List = kernel::SleepingList]	16	static
DualLinkedList.hpp:81:14:constexpr framework::DualLinkNode<UnderLyingType, List>::DualLinkNode() [with UnderLyingType = kernel::Task; List = kernel::WaitableList]	16	static
DualLinkedList.hpp:81:14:constexpr framework::DualLinkNode<UnderLyingType, List>::DualLinkNode() [with UnderLyingType = kernel::Task; List = kernel::EventList]	16	static
Core.cpp:241:1:void __static_initialization_and_destruction_0(int, int)	24	static
Core.cpp:241:1:cpp)	8	static
